Command line invocation:
    /Applications/Xcode.app/Contents/Developer/usr/bin/xcodebuild build -project pleaco.xcodeproj -scheme pleaco -destination "generic/platform=iOS Simulator"

2026-03-01 13:53:19.072 xcodebuild[3027:8754727] [MT] IDERunDestination: Supported platforms for the buildables in the current scheme is empty.
ComputePackagePrebuildTargetDependencyGraph

Prepare packages

CreateBuildRequest

SendProjectDescription

CreateBuildOperation

ComputeTargetDependencyGraph
note: Building targets in dependency order
note: Target dependency graph (1 target)
    Target 'pleaco' in project 'pleaco' (no dependencies)

GatherProvisioningInputs

CreateBuildDescription

ExecuteExternalTool /Applications/Xcode.app/Contents/Developer/Toolchains/XcodeDefault.xctoolchain/usr/bin/clang -v -E -dM -isysroot /Applications/Xcode.app/Contents/Developer/Platforms/iPhoneSimulator.platform/Developer/SDKs/iPhoneSimulator26.2.sdk -x c -c /dev/null

ExecuteExternalTool /Applications/Xcode.app/Contents/Developer/usr/bin/actool --print-asset-tag-combinations --output-format xml1 /Users/letzgo/Nextcloud/code/pleaco/pleaco/Assets.xcassets

ExecuteExternalTool /Applications/Xcode.app/Contents/Developer/usr/bin/actool --version --output-format xml1

ExecuteExternalTool /Applications/Xcode.app/Contents/Developer/Toolchains/XcodeDefault.xctoolchain/usr/bin/swiftc --version

ExecuteExternalTool /Applications/Xcode.app/Contents/Developer/Toolchains/XcodeDefault.xctoolchain/usr/bin/ld -version_details

Build description signature: 7186f9f71cfd4738d580a3d25b0df2ab
Build description path: /Users/letzgo/Library/Developer/Xcode/DerivedData/pleaco-bvtpxeibsmbrxuhijmrefslxjupp/Build/Intermediates.noindex/XCBuildData/7186f9f71cfd4738d580a3d25b0df2ab.xcbuilddata
ClangStatCache /Applications/Xcode.app/Contents/Developer/Toolchains/XcodeDefault.xctoolchain/usr/bin/clang-stat-cache /Applications/Xcode.app/Contents/Developer/Platforms/iPhoneSimulator.platform/Developer/SDKs/iPhoneSimulator26.2.sdk /Users/letzgo/Library/Developer/Xcode/DerivedData/SDKStatCaches.noindex/iphonesimulator26.2-23C57-7d00a8b37fbd7999ea79df8ebc024bf0.sdkstatcache
    cd /Users/letzgo/Nextcloud/code/pleaco/pleaco.xcodeproj
    /Applications/Xcode.app/Contents/Developer/Toolchains/XcodeDefault.xctoolchain/usr/bin/clang-stat-cache /Applications/Xcode.app/Contents/Developer/Platforms/iPhoneSimulator.platform/Developer/SDKs/iPhoneSimulator26.2.sdk -o /Users/letzgo/Library/Developer/Xcode/DerivedData/SDKStatCaches.noindex/iphonesimulator26.2-23C57-7d00a8b37fbd7999ea79df8ebc024bf0.sdkstatcache

note: Disabling hardened runtime with ad-hoc codesigning. (in target 'pleaco' from project 'pleaco')
SwiftDriver pleaco normal x86_64 com.apple.xcode.tools.swift.compiler (in target 'pleaco' from project 'pleaco')
    cd /Users/letzgo/Nextcloud/code/pleaco
    builtin-SwiftDriver -- /Applications/Xcode.app/Contents/Developer/Toolchains/XcodeDefault.xctoolchain/usr/bin/swiftc -module-name pleaco -Onone -enforce-exclusivity\=checked @/Users/letzgo/Library/Developer/Xcode/DerivedData/pleaco-bvtpxeibsmbrxuhijmrefslxjupp/Build/Intermediates.noindex/pleaco.build/Debug-iphonesimulator/pleaco.build/Objects-normal/x86_64/pleaco.SwiftFileList -DDEBUG -default-isolation\=MainActor -enable-bare-slash-regex -enable-upcoming-feature DisableOutwardActorInference -enable-upcoming-feature InferSendableFromCaptures -enable-upcoming-feature GlobalActorIsolatedTypesUsability -enable-upcoming-feature MemberImportVisibility -enable-upcoming-feature InferIsolatedConformances -enable-upcoming-feature NonisolatedNonsendingByDefault -enable-experimental-feature DebugDescriptionMacro -sdk /Applications/Xcode.app/Contents/Developer/Platforms/iPhoneSimulator.platform/Developer/SDKs/iPhoneSimulator26.2.sdk -target x86_64-apple-ios26.2-simulator -g -module-cache-path /Users/letzgo/Library/Developer/Xcode/DerivedData/ModuleCache.noindex -Xfrontend -serialize-debugging-options -enable-testing -index-store-path /Users/letzgo/Library/Developer/Xcode/DerivedData/pleaco-bvtpxeibsmbrxuhijmrefslxjupp/Index.noindex/DataStore -Xcc -D_LIBCPP_HARDENING_MODE\=_LIBCPP_HARDENING_MODE_DEBUG -swift-version 5 -I /Users/letzgo/Library/Developer/Xcode/DerivedData/pleaco-bvtpxeibsmbrxuhijmrefslxjupp/Build/Products/Debug-iphonesimulator -F /Users/letzgo/Library/Developer/Xcode/DerivedData/pleaco-bvtpxeibsmbrxuhijmrefslxjupp/Build/Products/Debug-iphonesimulator -emit-localized-strings -emit-localized-strings-path /Users/letzgo/Library/Developer/Xcode/DerivedData/pleaco-bvtpxeibsmbrxuhijmrefslxjupp/Build/Intermediates.noindex/pleaco.build/Debug-iphonesimulator/pleaco.build/Objects-normal/x86_64 -c -j12 -enable-batch-mode -incremental -Xcc -ivfsstatcache -Xcc /Users/letzgo/Library/Developer/Xcode/DerivedData/SDKStatCaches.noindex/iphonesimulator26.2-23C57-7d00a8b37fbd7999ea79df8ebc024bf0.sdkstatcache -output-file-map /Users/letzgo/Library/Developer/Xcode/DerivedData/pleaco-bvtpxeibsmbrxuhijmrefslxjupp/Build/Intermediates.noindex/pleaco.build/Debug-iphonesimulator/pleaco.build/Objects-normal/x86_64/pleaco-OutputFileMap.json -use-frontend-parseable-output -save-temps -no-color-diagnostics -explicit-module-build -module-cache-path /Users/letzgo/Library/Developer/Xcode/DerivedData/pleaco-bvtpxeibsmbrxuhijmrefslxjupp/Build/Intermediates.noindex/SwiftExplicitPrecompiledModules -clang-scanner-module-cache-path /Users/letzgo/Library/Developer/Xcode/DerivedData/ModuleCache.noindex -sdk-module-cache-path /Users/letzgo/Library/Developer/Xcode/DerivedData/ModuleCache.noindex -serialize-diagnostics -emit-dependencies -emit-module -emit-module-path /Users/letzgo/Library/Developer/Xcode/DerivedData/pleaco-bvtpxeibsmbrxuhijmrefslxjupp/Build/Intermediates.noindex/pleaco.build/Debug-iphonesimulator/pleaco.build/Objects-normal/x86_64/pleaco.swiftmodule -validate-clang-modules-once -clang-build-session-file /Users/letzgo/Library/Developer/Xcode/DerivedData/ModuleCache.noindex/Session.modulevalidation -Xcc -I/Users/letzgo/Library/Developer/Xcode/DerivedData/pleaco-bvtpxeibsmbrxuhijmrefslxjupp/Build/Intermediates.noindex/pleaco.build/Debug-iphonesimulator/pleaco.build/swift-overrides.hmap -emit-const-values -Xfrontend -const-gather-protocols-file -Xfrontend /Users/letzgo/Library/Developer/Xcode/DerivedData/pleaco-bvtpxeibsmbrxuhijmrefslxjupp/Build/Intermediates.noindex/pleaco.build/Debug-iphonesimulator/pleaco.build/Objects-normal/x86_64/pleaco_const_extract_protocols.json -Xcc -iquote -Xcc /Users/letzgo/Library/Developer/Xcode/DerivedData/pleaco-bvtpxeibsmbrxuhijmrefslxjupp/Build/Intermediates.noindex/pleaco.build/Debug-iphonesimulator/pleaco.build/pleaco-generated-files.hmap -Xcc -I/Users/letzgo/Library/Developer/Xcode/DerivedData/pleaco-bvtpxeibsmbrxuhijmrefslxjupp/Build/Intermediates.noindex/pleaco.build/Debug-iphonesimulator/pleaco.build/pleaco-own-target-headers.hmap -Xcc -I/Users/letzgo/Library/Developer/Xcode/DerivedData/pleaco-bvtpxeibsmbrxuhijmrefslxjupp/Build/Intermediates.noindex/pleaco.build/Debug-iphonesimulator/pleaco.build/pleaco-all-target-headers.hmap -Xcc -iquote -Xcc /Users/letzgo/Library/Developer/Xcode/DerivedData/pleaco-bvtpxeibsmbrxuhijmrefslxjupp/Build/Intermediates.noindex/pleaco.build/Debug-iphonesimulator/pleaco.build/pleaco-project-headers.hmap -Xcc -I/Users/letzgo/Library/Developer/Xcode/DerivedData/pleaco-bvtpxeibsmbrxuhijmrefslxjupp/Build/Products/Debug-iphonesimulator/include -Xcc -I/Users/letzgo/Library/Developer/Xcode/DerivedData/pleaco-bvtpxeibsmbrxuhijmrefslxjupp/Build/Intermediates.noindex/pleaco.build/Debug-iphonesimulator/pleaco.build/DerivedSources-normal/x86_64 -Xcc -I/Users/letzgo/Library/Developer/Xcode/DerivedData/pleaco-bvtpxeibsmbrxuhijmrefslxjupp/Build/Intermediates.noindex/pleaco.build/Debug-iphonesimulator/pleaco.build/DerivedSources/x86_64 -Xcc -I/Users/letzgo/Library/Developer/Xcode/DerivedData/pleaco-bvtpxeibsmbrxuhijmrefslxjupp/Build/Intermediates.noindex/pleaco.build/Debug-iphonesimulator/pleaco.build/DerivedSources -Xcc -DDEBUG\=1 -emit-objc-header -emit-objc-header-path /Users/letzgo/Library/Developer/Xcode/DerivedData/pleaco-bvtpxeibsmbrxuhijmrefslxjupp/Build/Intermediates.noindex/pleaco.build/Debug-iphonesimulator/pleaco.build/Objects-normal/x86_64/pleaco-Swift.h -working-directory /Users/letzgo/Nextcloud/code/pleaco -experimental-emit-module-separately -disable-cmo

SwiftDriver pleaco normal arm64 com.apple.xcode.tools.swift.compiler (in target 'pleaco' from project 'pleaco')
    cd /Users/letzgo/Nextcloud/code/pleaco
    builtin-SwiftDriver -- /Applications/Xcode.app/Contents/Developer/Toolchains/XcodeDefault.xctoolchain/usr/bin/swiftc -module-name pleaco -Onone -enforce-exclusivity\=checked @/Users/letzgo/Library/Developer/Xcode/DerivedData/pleaco-bvtpxeibsmbrxuhijmrefslxjupp/Build/Intermediates.noindex/pleaco.build/Debug-iphonesimulator/pleaco.build/Objects-normal/arm64/pleaco.SwiftFileList -DDEBUG -default-isolation\=MainActor -enable-bare-slash-regex -enable-upcoming-feature DisableOutwardActorInference -enable-upcoming-feature InferSendableFromCaptures -enable-upcoming-feature GlobalActorIsolatedTypesUsability -enable-upcoming-feature MemberImportVisibility -enable-upcoming-feature InferIsolatedConformances -enable-upcoming-feature NonisolatedNonsendingByDefault -enable-experimental-feature DebugDescriptionMacro -sdk /Applications/Xcode.app/Contents/Developer/Platforms/iPhoneSimulator.platform/Developer/SDKs/iPhoneSimulator26.2.sdk -target arm64-apple-ios26.2-simulator -g -module-cache-path /Users/letzgo/Library/Developer/Xcode/DerivedData/ModuleCache.noindex -Xfrontend -serialize-debugging-options -enable-testing -index-store-path /Users/letzgo/Library/Developer/Xcode/DerivedData/pleaco-bvtpxeibsmbrxuhijmrefslxjupp/Index.noindex/DataStore -Xcc -D_LIBCPP_HARDENING_MODE\=_LIBCPP_HARDENING_MODE_DEBUG -swift-version 5 -I /Users/letzgo/Library/Developer/Xcode/DerivedData/pleaco-bvtpxeibsmbrxuhijmrefslxjupp/Build/Products/Debug-iphonesimulator -F /Users/letzgo/Library/Developer/Xcode/DerivedData/pleaco-bvtpxeibsmbrxuhijmrefslxjupp/Build/Products/Debug-iphonesimulator -emit-localized-strings -emit-localized-strings-path /Users/letzgo/Library/Developer/Xcode/DerivedData/pleaco-bvtpxeibsmbrxuhijmrefslxjupp/Build/Intermediates.noindex/pleaco.build/Debug-iphonesimulator/pleaco.build/Objects-normal/arm64 -c -j12 -enable-batch-mode -incremental -Xcc -ivfsstatcache -Xcc /Users/letzgo/Library/Developer/Xcode/DerivedData/SDKStatCaches.noindex/iphonesimulator26.2-23C57-7d00a8b37fbd7999ea79df8ebc024bf0.sdkstatcache -output-file-map /Users/letzgo/Library/Developer/Xcode/DerivedData/pleaco-bvtpxeibsmbrxuhijmrefslxjupp/Build/Intermediates.noindex/pleaco.build/Debug-iphonesimulator/pleaco.build/Objects-normal/arm64/pleaco-OutputFileMap.json -use-frontend-parseable-output -save-temps -no-color-diagnostics -explicit-module-build -module-cache-path /Users/letzgo/Library/Developer/Xcode/DerivedData/pleaco-bvtpxeibsmbrxuhijmrefslxjupp/Build/Intermediates.noindex/SwiftExplicitPrecompiledModules -clang-scanner-module-cache-path /Users/letzgo/Library/Developer/Xcode/DerivedData/ModuleCache.noindex -sdk-module-cache-path /Users/letzgo/Library/Developer/Xcode/DerivedData/ModuleCache.noindex -serialize-diagnostics -emit-dependencies -emit-module -emit-module-path /Users/letzgo/Library/Developer/Xcode/DerivedData/pleaco-bvtpxeibsmbrxuhijmrefslxjupp/Build/Intermediates.noindex/pleaco.build/Debug-iphonesimulator/pleaco.build/Objects-normal/arm64/pleaco.swiftmodule -validate-clang-modules-once -clang-build-session-file /Users/letzgo/Library/Developer/Xcode/DerivedData/ModuleCache.noindex/Session.modulevalidation -Xcc -I/Users/letzgo/Library/Developer/Xcode/DerivedData/pleaco-bvtpxeibsmbrxuhijmrefslxjupp/Build/Intermediates.noindex/pleaco.build/Debug-iphonesimulator/pleaco.build/swift-overrides.hmap -emit-const-values -Xfrontend -const-gather-protocols-file -Xfrontend /Users/letzgo/Library/Developer/Xcode/DerivedData/pleaco-bvtpxeibsmbrxuhijmrefslxjupp/Build/Intermediates.noindex/pleaco.build/Debug-iphonesimulator/pleaco.build/Objects-normal/arm64/pleaco_const_extract_protocols.json -Xcc -iquote -Xcc /Users/letzgo/Library/Developer/Xcode/DerivedData/pleaco-bvtpxeibsmbrxuhijmrefslxjupp/Build/Intermediates.noindex/pleaco.build/Debug-iphonesimulator/pleaco.build/pleaco-generated-files.hmap -Xcc -I/Users/letzgo/Library/Developer/Xcode/DerivedData/pleaco-bvtpxeibsmbrxuhijmrefslxjupp/Build/Intermediates.noindex/pleaco.build/Debug-iphonesimulator/pleaco.build/pleaco-own-target-headers.hmap -Xcc -I/Users/letzgo/Library/Developer/Xcode/DerivedData/pleaco-bvtpxeibsmbrxuhijmrefslxjupp/Build/Intermediates.noindex/pleaco.build/Debug-iphonesimulator/pleaco.build/pleaco-all-target-headers.hmap -Xcc -iquote -Xcc /Users/letzgo/Library/Developer/Xcode/DerivedData/pleaco-bvtpxeibsmbrxuhijmrefslxjupp/Build/Intermediates.noindex/pleaco.build/Debug-iphonesimulator/pleaco.build/pleaco-project-headers.hmap -Xcc -I/Users/letzgo/Library/Developer/Xcode/DerivedData/pleaco-bvtpxeibsmbrxuhijmrefslxjupp/Build/Products/Debug-iphonesimulator/include -Xcc -I/Users/letzgo/Library/Developer/Xcode/DerivedData/pleaco-bvtpxeibsmbrxuhijmrefslxjupp/Build/Intermediates.noindex/pleaco.build/Debug-iphonesimulator/pleaco.build/DerivedSources-normal/arm64 -Xcc -I/Users/letzgo/Library/Developer/Xcode/DerivedData/pleaco-bvtpxeibsmbrxuhijmrefslxjupp/Build/Intermediates.noindex/pleaco.build/Debug-iphonesimulator/pleaco.build/DerivedSources/arm64 -Xcc -I/Users/letzgo/Library/Developer/Xcode/DerivedData/pleaco-bvtpxeibsmbrxuhijmrefslxjupp/Build/Intermediates.noindex/pleaco.build/Debug-iphonesimulator/pleaco.build/DerivedSources -Xcc -DDEBUG\=1 -emit-objc-header -emit-objc-header-path /Users/letzgo/Library/Developer/Xcode/DerivedData/pleaco-bvtpxeibsmbrxuhijmrefslxjupp/Build/Intermediates.noindex/pleaco.build/Debug-iphonesimulator/pleaco.build/Objects-normal/arm64/pleaco-Swift.h -working-directory /Users/letzgo/Nextcloud/code/pleaco -experimental-emit-module-separately -disable-cmo

ProcessInfoPlistFile /Users/letzgo/Library/Developer/Xcode/DerivedData/pleaco-bvtpxeibsmbrxuhijmrefslxjupp/Build/Products/Debug-iphonesimulator/pleaco.app/Info.plist /Users/letzgo/Library/Developer/Xcode/DerivedData/pleaco-bvtpxeibsmbrxuhijmrefslxjupp/Build/Intermediates.noindex/pleaco.build/Debug-iphonesimulator/pleaco.build/empty-pleaco.plist (in target 'pleaco' from project 'pleaco')
    cd /Users/letzgo/Nextcloud/code/pleaco
    builtin-infoPlistUtility /Users/letzgo/Library/Developer/Xcode/DerivedData/pleaco-bvtpxeibsmbrxuhijmrefslxjupp/Build/Intermediates.noindex/pleaco.build/Debug-iphonesimulator/pleaco.build/empty-pleaco.plist -producttype com.apple.product-type.application -genpkginfo /Users/letzgo/Library/Developer/Xcode/DerivedData/pleaco-bvtpxeibsmbrxuhijmrefslxjupp/Build/Products/Debug-iphonesimulator/pleaco.app/PkgInfo -expandbuildsettings -format binary -platform iphonesimulator -additionalcontentfile /Users/letzgo/Library/Developer/Xcode/DerivedData/pleaco-bvtpxeibsmbrxuhijmrefslxjupp/Build/Intermediates.noindex/pleaco.build/Debug-iphonesimulator/pleaco.build/assetcatalog_generated_info.plist -o /Users/letzgo/Library/Developer/Xcode/DerivedData/pleaco-bvtpxeibsmbrxuhijmrefslxjupp/Build/Products/Debug-iphonesimulator/pleaco.app/Info.plist

SwiftEmitModule normal x86_64 Emitting\ module\ for\ pleaco (in target 'pleaco' from project 'pleaco')

EmitSwiftModule normal x86_64 (in target 'pleaco' from project 'pleaco')
    cd /Users/letzgo/Nextcloud/code/pleaco
    

SwiftCompile normal arm64 Compiling\ DevicesView.swift /Users/letzgo/Nextcloud/code/pleaco/pleaco/Views/DevicesView.swift (in target 'pleaco' from project 'pleaco')
SwiftCompile normal arm64 /Users/letzgo/Nextcloud/code/pleaco/pleaco/Views/DevicesView.swift (in target 'pleaco' from project 'pleaco')
    cd /Users/letzgo/Nextcloud/code/pleaco
    

SwiftCompile normal x86_64 Compiling\ DevicesView.swift /Users/letzgo/Nextcloud/code/pleaco/pleaco/Views/DevicesView.swift (in target 'pleaco' from project 'pleaco')
SwiftCompile normal x86_64 /Users/letzgo/Nextcloud/code/pleaco/pleaco/Views/DevicesView.swift (in target 'pleaco' from project 'pleaco')
    cd /Users/letzgo/Nextcloud/code/pleaco
    

SwiftEmitModule normal arm64 Emitting\ module\ for\ pleaco (in target 'pleaco' from project 'pleaco')

EmitSwiftModule normal arm64 (in target 'pleaco' from project 'pleaco')
    cd /Users/letzgo/Nextcloud/code/pleaco
    

SwiftDriverJobDiscovery normal arm64 Emitting module for pleaco (in target 'pleaco' from project 'pleaco')

SwiftDriver\ Compilation\ Requirements pleaco normal arm64 com.apple.xcode.tools.swift.compiler (in target 'pleaco' from project 'pleaco')
    cd /Users/letzgo/Nextcloud/code/pleaco
    builtin-Swift-Compilation-Requirements -- /Applications/Xcode.app/Contents/Developer/Toolchains/XcodeDefault.xctoolchain/usr/bin/swiftc -module-name pleaco -Onone -enforce-exclusivity\=checked @/Users/letzgo/Library/Developer/Xcode/DerivedData/pleaco-bvtpxeibsmbrxuhijmrefslxjupp/Build/Intermediates.noindex/pleaco.build/Debug-iphonesimulator/pleaco.build/Objects-normal/arm64/pleaco.SwiftFileList -DDEBUG -default-isolation\=MainActor -enable-bare-slash-regex -enable-upcoming-feature DisableOutwardActorInference -enable-upcoming-feature InferSendableFromCaptures -enable-upcoming-feature GlobalActorIsolatedTypesUsability -enable-upcoming-feature MemberImportVisibility -enable-upcoming-feature InferIsolatedConformances -enable-upcoming-feature NonisolatedNonsendingByDefault -enable-experimental-feature DebugDescriptionMacro -sdk /Applications/Xcode.app/Contents/Developer/Platforms/iPhoneSimulator.platform/Developer/SDKs/iPhoneSimulator26.2.sdk -target arm64-apple-ios26.2-simulator -g -module-cache-path /Users/letzgo/Library/Developer/Xcode/DerivedData/ModuleCache.noindex -Xfrontend -serialize-debugging-options -enable-testing -index-store-path /Users/letzgo/Library/Developer/Xcode/DerivedData/pleaco-bvtpxeibsmbrxuhijmrefslxjupp/Index.noindex/DataStore -Xcc -D_LIBCPP_HARDENING_MODE\=_LIBCPP_HARDENING_MODE_DEBUG -swift-version 5 -I /Users/letzgo/Library/Developer/Xcode/DerivedData/pleaco-bvtpxeibsmbrxuhijmrefslxjupp/Build/Products/Debug-iphonesimulator -F /Users/letzgo/Library/Developer/Xcode/DerivedData/pleaco-bvtpxeibsmbrxuhijmrefslxjupp/Build/Products/Debug-iphonesimulator -emit-localized-strings -emit-localized-strings-path /Users/letzgo/Library/Developer/Xcode/DerivedData/pleaco-bvtpxeibsmbrxuhijmrefslxjupp/Build/Intermediates.noindex/pleaco.build/Debug-iphonesimulator/pleaco.build/Objects-normal/arm64 -c -j12 -enable-batch-mode -incremental -Xcc -ivfsstatcache -Xcc /Users/letzgo/Library/Developer/Xcode/DerivedData/SDKStatCaches.noindex/iphonesimulator26.2-23C57-7d00a8b37fbd7999ea79df8ebc024bf0.sdkstatcache -output-file-map /Users/letzgo/Library/Developer/Xcode/DerivedData/pleaco-bvtpxeibsmbrxuhijmrefslxjupp/Build/Intermediates.noindex/pleaco.build/Debug-iphonesimulator/pleaco.build/Objects-normal/arm64/pleaco-OutputFileMap.json -use-frontend-parseable-output -save-temps -no-color-diagnostics -explicit-module-build -module-cache-path /Users/letzgo/Library/Developer/Xcode/DerivedData/pleaco-bvtpxeibsmbrxuhijmrefslxjupp/Build/Intermediates.noindex/SwiftExplicitPrecompiledModules -clang-scanner-module-cache-path /Users/letzgo/Library/Developer/Xcode/DerivedData/ModuleCache.noindex -sdk-module-cache-path /Users/letzgo/Library/Developer/Xcode/DerivedData/ModuleCache.noindex -serialize-diagnostics -emit-dependencies -emit-module -emit-module-path /Users/letzgo/Library/Developer/Xcode/DerivedData/pleaco-bvtpxeibsmbrxuhijmrefslxjupp/Build/Intermediates.noindex/pleaco.build/Debug-iphonesimulator/pleaco.build/Objects-normal/arm64/pleaco.swiftmodule -validate-clang-modules-once -clang-build-session-file /Users/letzgo/Library/Developer/Xcode/DerivedData/ModuleCache.noindex/Session.modulevalidation -Xcc -I/Users/letzgo/Library/Developer/Xcode/DerivedData/pleaco-bvtpxeibsmbrxuhijmrefslxjupp/Build/Intermediates.noindex/pleaco.build/Debug-iphonesimulator/pleaco.build/swift-overrides.hmap -emit-const-values -Xfrontend -const-gather-protocols-file -Xfrontend /Users/letzgo/Library/Developer/Xcode/DerivedData/pleaco-bvtpxeibsmbrxuhijmrefslxjupp/Build/Intermediates.noindex/pleaco.build/Debug-iphonesimulator/pleaco.build/Objects-normal/arm64/pleaco_const_extract_protocols.json -Xcc -iquote -Xcc /Users/letzgo/Library/Developer/Xcode/DerivedData/pleaco-bvtpxeibsmbrxuhijmrefslxjupp/Build/Intermediates.noindex/pleaco.build/Debug-iphonesimulator/pleaco.build/pleaco-generated-files.hmap -Xcc -I/Users/letzgo/Library/Developer/Xcode/DerivedData/pleaco-bvtpxeibsmbrxuhijmrefslxjupp/Build/Intermediates.noindex/pleaco.build/Debug-iphonesimulator/pleaco.build/pleaco-own-target-headers.hmap -Xcc -I/Users/letzgo/Library/Developer/Xcode/DerivedData/pleaco-bvtpxeibsmbrxuhijmrefslxjupp/Build/Intermediates.noindex/pleaco.build/Debug-iphonesimulator/pleaco.build/pleaco-all-target-headers.hmap -Xcc -iquote -Xcc /Users/letzgo/Library/Developer/Xcode/DerivedData/pleaco-bvtpxeibsmbrxuhijmrefslxjupp/Build/Intermediates.noindex/pleaco.build/Debug-iphonesimulator/pleaco.build/pleaco-project-headers.hmap -Xcc -I/Users/letzgo/Library/Developer/Xcode/DerivedData/pleaco-bvtpxeibsmbrxuhijmrefslxjupp/Build/Products/Debug-iphonesimulator/include -Xcc -I/Users/letzgo/Library/Developer/Xcode/DerivedData/pleaco-bvtpxeibsmbrxuhijmrefslxjupp/Build/Intermediates.noindex/pleaco.build/Debug-iphonesimulator/pleaco.build/DerivedSources-normal/arm64 -Xcc -I/Users/letzgo/Library/Developer/Xcode/DerivedData/pleaco-bvtpxeibsmbrxuhijmrefslxjupp/Build/Intermediates.noindex/pleaco.build/Debug-iphonesimulator/pleaco.build/DerivedSources/arm64 -Xcc -I/Users/letzgo/Library/Developer/Xcode/DerivedData/pleaco-bvtpxeibsmbrxuhijmrefslxjupp/Build/Intermediates.noindex/pleaco.build/Debug-iphonesimulator/pleaco.build/DerivedSources -Xcc -DDEBUG\=1 -emit-objc-header -emit-objc-header-path /Users/letzgo/Library/Developer/Xcode/DerivedData/pleaco-bvtpxeibsmbrxuhijmrefslxjupp/Build/Intermediates.noindex/pleaco.build/Debug-iphonesimulator/pleaco.build/Objects-normal/arm64/pleaco-Swift.h -working-directory /Users/letzgo/Nextcloud/code/pleaco -experimental-emit-module-separately -disable-cmo

Copy /Users/letzgo/Library/Developer/Xcode/DerivedData/pleaco-bvtpxeibsmbrxuhijmrefslxjupp/Build/Products/Debug-iphonesimulator/pleaco.swiftmodule/Project/arm64-apple-ios-simulator.swiftsourceinfo /Users/letzgo/Library/Developer/Xcode/DerivedData/pleaco-bvtpxeibsmbrxuhijmrefslxjupp/Build/Intermediates.noindex/pleaco.build/Debug-iphonesimulator/pleaco.build/Objects-normal/arm64/pleaco.swiftsourceinfo (in target 'pleaco' from project 'pleaco')
    cd /Users/letzgo/Nextcloud/code/pleaco
    builtin-copy -exclude .DS_Store -exclude CVS -exclude .svn -exclude .git -exclude .hg -resolve-src-symlinks -rename /Users/letzgo/Library/Developer/Xcode/DerivedData/pleaco-bvtpxeibsmbrxuhijmrefslxjupp/Build/Intermediates.noindex/pleaco.build/Debug-iphonesimulator/pleaco.build/Objects-normal/arm64/pleaco.swiftsourceinfo /Users/letzgo/Library/Developer/Xcode/DerivedData/pleaco-bvtpxeibsmbrxuhijmrefslxjupp/Build/Products/Debug-iphonesimulator/pleaco.swiftmodule/Project/arm64-apple-ios-simulator.swiftsourceinfo

SwiftDriverJobDiscovery normal x86_64 Emitting module for pleaco (in target 'pleaco' from project 'pleaco')

Copy /Users/letzgo/Library/Developer/Xcode/DerivedData/pleaco-bvtpxeibsmbrxuhijmrefslxjupp/Build/Products/Debug-iphonesimulator/pleaco.swiftmodule/arm64-apple-ios-simulator.abi.json /Users/letzgo/Library/Developer/Xcode/DerivedData/pleaco-bvtpxeibsmbrxuhijmrefslxjupp/Build/Intermediates.noindex/pleaco.build/Debug-iphonesimulator/pleaco.build/Objects-normal/arm64/pleaco.abi.json (in target 'pleaco' from project 'pleaco')
    cd /Users/letzgo/Nextcloud/code/pleaco
    builtin-copy -exclude .DS_Store -exclude CVS -exclude .svn -exclude .git -exclude .hg -resolve-src-symlinks -rename /Users/letzgo/Library/Developer/Xcode/DerivedData/pleaco-bvtpxeibsmbrxuhijmrefslxjupp/Build/Intermediates.noindex/pleaco.build/Debug-iphonesimulator/pleaco.build/Objects-normal/arm64/pleaco.abi.json /Users/letzgo/Library/Developer/Xcode/DerivedData/pleaco-bvtpxeibsmbrxuhijmrefslxjupp/Build/Products/Debug-iphonesimulator/pleaco.swiftmodule/arm64-apple-ios-simulator.abi.json

SwiftDriver\ Compilation\ Requirements pleaco normal x86_64 com.apple.xcode.tools.swift.compiler (in target 'pleaco' from project 'pleaco')
    cd /Users/letzgo/Nextcloud/code/pleaco
    builtin-Swift-Compilation-Requirements -- /Applications/Xcode.app/Contents/Developer/Toolchains/XcodeDefault.xctoolchain/usr/bin/swiftc -module-name pleaco -Onone -enforce-exclusivity\=checked @/Users/letzgo/Library/Developer/Xcode/DerivedData/pleaco-bvtpxeibsmbrxuhijmrefslxjupp/Build/Intermediates.noindex/pleaco.build/Debug-iphonesimulator/pleaco.build/Objects-normal/x86_64/pleaco.SwiftFileList -DDEBUG -default-isolation\=MainActor -enable-bare-slash-regex -enable-upcoming-feature DisableOutwardActorInference -enable-upcoming-feature InferSendableFromCaptures -enable-upcoming-feature GlobalActorIsolatedTypesUsability -enable-upcoming-feature MemberImportVisibility -enable-upcoming-feature InferIsolatedConformances -enable-upcoming-feature NonisolatedNonsendingByDefault -enable-experimental-feature DebugDescriptionMacro -sdk /Applications/Xcode.app/Contents/Developer/Platforms/iPhoneSimulator.platform/Developer/SDKs/iPhoneSimulator26.2.sdk -target x86_64-apple-ios26.2-simulator -g -module-cache-path /Users/letzgo/Library/Developer/Xcode/DerivedData/ModuleCache.noindex -Xfrontend -serialize-debugging-options -enable-testing -index-store-path /Users/letzgo/Library/Developer/Xcode/DerivedData/pleaco-bvtpxeibsmbrxuhijmrefslxjupp/Index.noindex/DataStore -Xcc -D_LIBCPP_HARDENING_MODE\=_LIBCPP_HARDENING_MODE_DEBUG -swift-version 5 -I /Users/letzgo/Library/Developer/Xcode/DerivedData/pleaco-bvtpxeibsmbrxuhijmrefslxjupp/Build/Products/Debug-iphonesimulator -F /Users/letzgo/Library/Developer/Xcode/DerivedData/pleaco-bvtpxeibsmbrxuhijmrefslxjupp/Build/Products/Debug-iphonesimulator -emit-localized-strings -emit-localized-strings-path /Users/letzgo/Library/Developer/Xcode/DerivedData/pleaco-bvtpxeibsmbrxuhijmrefslxjupp/Build/Intermediates.noindex/pleaco.build/Debug-iphonesimulator/pleaco.build/Objects-normal/x86_64 -c -j12 -enable-batch-mode -incremental -Xcc -ivfsstatcache -Xcc /Users/letzgo/Library/Developer/Xcode/DerivedData/SDKStatCaches.noindex/iphonesimulator26.2-23C57-7d00a8b37fbd7999ea79df8ebc024bf0.sdkstatcache -output-file-map /Users/letzgo/Library/Developer/Xcode/DerivedData/pleaco-bvtpxeibsmbrxuhijmrefslxjupp/Build/Intermediates.noindex/pleaco.build/Debug-iphonesimulator/pleaco.build/Objects-normal/x86_64/pleaco-OutputFileMap.json -use-frontend-parseable-output -save-temps -no-color-diagnostics -explicit-module-build -module-cache-path /Users/letzgo/Library/Developer/Xcode/DerivedData/pleaco-bvtpxeibsmbrxuhijmrefslxjupp/Build/Intermediates.noindex/SwiftExplicitPrecompiledModules -clang-scanner-module-cache-path /Users/letzgo/Library/Developer/Xcode/DerivedData/ModuleCache.noindex -sdk-module-cache-path /Users/letzgo/Library/Developer/Xcode/DerivedData/ModuleCache.noindex -serialize-diagnostics -emit-dependencies -emit-module -emit-module-path /Users/letzgo/Library/Developer/Xcode/DerivedData/pleaco-bvtpxeibsmbrxuhijmrefslxjupp/Build/Intermediates.noindex/pleaco.build/Debug-iphonesimulator/pleaco.build/Objects-normal/x86_64/pleaco.swiftmodule -validate-clang-modules-once -clang-build-session-file /Users/letzgo/Library/Developer/Xcode/DerivedData/ModuleCache.noindex/Session.modulevalidation -Xcc -I/Users/letzgo/Library/Developer/Xcode/DerivedData/pleaco-bvtpxeibsmbrxuhijmrefslxjupp/Build/Intermediates.noindex/pleaco.build/Debug-iphonesimulator/pleaco.build/swift-overrides.hmap -emit-const-values -Xfrontend -const-gather-protocols-file -Xfrontend /Users/letzgo/Library/Developer/Xcode/DerivedData/pleaco-bvtpxeibsmbrxuhijmrefslxjupp/Build/Intermediates.noindex/pleaco.build/Debug-iphonesimulator/pleaco.build/Objects-normal/x86_64/pleaco_const_extract_protocols.json -Xcc -iquote -Xcc /Users/letzgo/Library/Developer/Xcode/DerivedData/pleaco-bvtpxeibsmbrxuhijmrefslxjupp/Build/Intermediates.noindex/pleaco.build/Debug-iphonesimulator/pleaco.build/pleaco-generated-files.hmap -Xcc -I/Users/letzgo/Library/Developer/Xcode/DerivedData/pleaco-bvtpxeibsmbrxuhijmrefslxjupp/Build/Intermediates.noindex/pleaco.build/Debug-iphonesimulator/pleaco.build/pleaco-own-target-headers.hmap -Xcc -I/Users/letzgo/Library/Developer/Xcode/DerivedData/pleaco-bvtpxeibsmbrxuhijmrefslxjupp/Build/Intermediates.noindex/pleaco.build/Debug-iphonesimulator/pleaco.build/pleaco-all-target-headers.hmap -Xcc -iquote -Xcc /Users/letzgo/Library/Developer/Xcode/DerivedData/pleaco-bvtpxeibsmbrxuhijmrefslxjupp/Build/Intermediates.noindex/pleaco.build/Debug-iphonesimulator/pleaco.build/pleaco-project-headers.hmap -Xcc -I/Users/letzgo/Library/Developer/Xcode/DerivedData/pleaco-bvtpxeibsmbrxuhijmrefslxjupp/Build/Products/Debug-iphonesimulator/include -Xcc -I/Users/letzgo/Library/Developer/Xcode/DerivedData/pleaco-bvtpxeibsmbrxuhijmrefslxjupp/Build/Intermediates.noindex/pleaco.build/Debug-iphonesimulator/pleaco.build/DerivedSources-normal/x86_64 -Xcc -I/Users/letzgo/Library/Developer/Xcode/DerivedData/pleaco-bvtpxeibsmbrxuhijmrefslxjupp/Build/Intermediates.noindex/pleaco.build/Debug-iphonesimulator/pleaco.build/DerivedSources/x86_64 -Xcc -I/Users/letzgo/Library/Developer/Xcode/DerivedData/pleaco-bvtpxeibsmbrxuhijmrefslxjupp/Build/Intermediates.noindex/pleaco.build/Debug-iphonesimulator/pleaco.build/DerivedSources -Xcc -DDEBUG\=1 -emit-objc-header -emit-objc-header-path /Users/letzgo/Library/Developer/Xcode/DerivedData/pleaco-bvtpxeibsmbrxuhijmrefslxjupp/Build/Intermediates.noindex/pleaco.build/Debug-iphonesimulator/pleaco.build/Objects-normal/x86_64/pleaco-Swift.h -working-directory /Users/letzgo/Nextcloud/code/pleaco -experimental-emit-module-separately -disable-cmo

Copy /Users/letzgo/Library/Developer/Xcode/DerivedData/pleaco-bvtpxeibsmbrxuhijmrefslxjupp/Build/Products/Debug-iphonesimulator/pleaco.swiftmodule/Project/x86_64-apple-ios-simulator.swiftsourceinfo /Users/letzgo/Library/Developer/Xcode/DerivedData/pleaco-bvtpxeibsmbrxuhijmrefslxjupp/Build/Intermediates.noindex/pleaco.build/Debug-iphonesimulator/pleaco.build/Objects-normal/x86_64/pleaco.swiftsourceinfo (in target 'pleaco' from project 'pleaco')
    cd /Users/letzgo/Nextcloud/code/pleaco
    builtin-copy -exclude .DS_Store -exclude CVS -exclude .svn -exclude .git -exclude .hg -resolve-src-symlinks -rename /Users/letzgo/Library/Developer/Xcode/DerivedData/pleaco-bvtpxeibsmbrxuhijmrefslxjupp/Build/Intermediates.noindex/pleaco.build/Debug-iphonesimulator/pleaco.build/Objects-normal/x86_64/pleaco.swiftsourceinfo /Users/letzgo/Library/Developer/Xcode/DerivedData/pleaco-bvtpxeibsmbrxuhijmrefslxjupp/Build/Products/Debug-iphonesimulator/pleaco.swiftmodule/Project/x86_64-apple-ios-simulator.swiftsourceinfo

Copy /Users/letzgo/Library/Developer/Xcode/DerivedData/pleaco-bvtpxeibsmbrxuhijmrefslxjupp/Build/Products/Debug-iphonesimulator/pleaco.swiftmodule/x86_64-apple-ios-simulator.abi.json /Users/letzgo/Library/Developer/Xcode/DerivedData/pleaco-bvtpxeibsmbrxuhijmrefslxjupp/Build/Intermediates.noindex/pleaco.build/Debug-iphonesimulator/pleaco.build/Objects-normal/x86_64/pleaco.abi.json (in target 'pleaco' from project 'pleaco')
    cd /Users/letzgo/Nextcloud/code/pleaco
    builtin-copy -exclude .DS_Store -exclude CVS -exclude .svn -exclude .git -exclude .hg -resolve-src-symlinks -rename /Users/letzgo/Library/Developer/Xcode/DerivedData/pleaco-bvtpxeibsmbrxuhijmrefslxjupp/Build/Intermediates.noindex/pleaco.build/Debug-iphonesimulator/pleaco.build/Objects-normal/x86_64/pleaco.abi.json /Users/letzgo/Library/Developer/Xcode/DerivedData/pleaco-bvtpxeibsmbrxuhijmrefslxjupp/Build/Products/Debug-iphonesimulator/pleaco.swiftmodule/x86_64-apple-ios-simulator.abi.json

SwiftDriverJobDiscovery normal arm64 Compiling DevicesView.swift (in target 'pleaco' from project 'pleaco')

SwiftDriverJobDiscovery normal x86_64 Compiling DevicesView.swift (in target 'pleaco' from project 'pleaco')

SwiftDriver\ Compilation pleaco normal arm64 com.apple.xcode.tools.swift.compiler (in target 'pleaco' from project 'pleaco')
    cd /Users/letzgo/Nextcloud/code/pleaco
    builtin-Swift-Compilation -- /Applications/Xcode.app/Contents/Developer/Toolchains/XcodeDefault.xctoolchain/usr/bin/swiftc -module-name pleaco -Onone -enforce-exclusivity\=checked @/Users/letzgo/Library/Developer/Xcode/DerivedData/pleaco-bvtpxeibsmbrxuhijmrefslxjupp/Build/Intermediates.noindex/pleaco.build/Debug-iphonesimulator/pleaco.build/Objects-normal/arm64/pleaco.SwiftFileList -DDEBUG -default-isolation\=MainActor -enable-bare-slash-regex -enable-upcoming-feature DisableOutwardActorInference -enable-upcoming-feature InferSendableFromCaptures -enable-upcoming-feature GlobalActorIsolatedTypesUsability -enable-upcoming-feature MemberImportVisibility -enable-upcoming-feature InferIsolatedConformances -enable-upcoming-feature NonisolatedNonsendingByDefault -enable-experimental-feature DebugDescriptionMacro -sdk /Applications/Xcode.app/Contents/Developer/Platforms/iPhoneSimulator.platform/Developer/SDKs/iPhoneSimulator26.2.sdk -target arm64-apple-ios26.2-simulator -g -module-cache-path /Users/letzgo/Library/Developer/Xcode/DerivedData/ModuleCache.noindex -Xfrontend -serialize-debugging-options -enable-testing -index-store-path /Users/letzgo/Library/Developer/Xcode/DerivedData/pleaco-bvtpxeibsmbrxuhijmrefslxjupp/Index.noindex/DataStore -Xcc -D_LIBCPP_HARDENING_MODE\=_LIBCPP_HARDENING_MODE_DEBUG -swift-version 5 -I /Users/letzgo/Library/Developer/Xcode/DerivedData/pleaco-bvtpxeibsmbrxuhijmrefslxjupp/Build/Products/Debug-iphonesimulator -F /Users/letzgo/Library/Developer/Xcode/DerivedData/pleaco-bvtpxeibsmbrxuhijmrefslxjupp/Build/Products/Debug-iphonesimulator -emit-localized-strings -emit-localized-strings-path /Users/letzgo/Library/Developer/Xcode/DerivedData/pleaco-bvtpxeibsmbrxuhijmrefslxjupp/Build/Intermediates.noindex/pleaco.build/Debug-iphonesimulator/pleaco.build/Objects-normal/arm64 -c -j12 -enable-batch-mode -incremental -Xcc -ivfsstatcache -Xcc /Users/letzgo/Library/Developer/Xcode/DerivedData/SDKStatCaches.noindex/iphonesimulator26.2-23C57-7d00a8b37fbd7999ea79df8ebc024bf0.sdkstatcache -output-file-map /Users/letzgo/Library/Developer/Xcode/DerivedData/pleaco-bvtpxeibsmbrxuhijmrefslxjupp/Build/Intermediates.noindex/pleaco.build/Debug-iphonesimulator/pleaco.build/Objects-normal/arm64/pleaco-OutputFileMap.json -use-frontend-parseable-output -save-temps -no-color-diagnostics -explicit-module-build -module-cache-path /Users/letzgo/Library/Developer/Xcode/DerivedData/pleaco-bvtpxeibsmbrxuhijmrefslxjupp/Build/Intermediates.noindex/SwiftExplicitPrecompiledModules -clang-scanner-module-cache-path /Users/letzgo/Library/Developer/Xcode/DerivedData/ModuleCache.noindex -sdk-module-cache-path /Users/letzgo/Library/Developer/Xcode/DerivedData/ModuleCache.noindex -serialize-diagnostics -emit-dependencies -emit-module -emit-module-path /Users/letzgo/Library/Developer/Xcode/DerivedData/pleaco-bvtpxeibsmbrxuhijmrefslxjupp/Build/Intermediates.noindex/pleaco.build/Debug-iphonesimulator/pleaco.build/Objects-normal/arm64/pleaco.swiftmodule -validate-clang-modules-once -clang-build-session-file /Users/letzgo/Library/Developer/Xcode/DerivedData/ModuleCache.noindex/Session.modulevalidation -Xcc -I/Users/letzgo/Library/Developer/Xcode/DerivedData/pleaco-bvtpxeibsmbrxuhijmrefslxjupp/Build/Intermediates.noindex/pleaco.build/Debug-iphonesimulator/pleaco.build/swift-overrides.hmap -emit-const-values -Xfrontend -const-gather-protocols-file -Xfrontend /Users/letzgo/Library/Developer/Xcode/DerivedData/pleaco-bvtpxeibsmbrxuhijmrefslxjupp/Build/Intermediates.noindex/pleaco.build/Debug-iphonesimulator/pleaco.build/Objects-normal/arm64/pleaco_const_extract_protocols.json -Xcc -iquote -Xcc /Users/letzgo/Library/Developer/Xcode/DerivedData/pleaco-bvtpxeibsmbrxuhijmrefslxjupp/Build/Intermediates.noindex/pleaco.build/Debug-iphonesimulator/pleaco.build/pleaco-generated-files.hmap -Xcc -I/Users/letzgo/Library/Developer/Xcode/DerivedData/pleaco-bvtpxeibsmbrxuhijmrefslxjupp/Build/Intermediates.noindex/pleaco.build/Debug-iphonesimulator/pleaco.build/pleaco-own-target-headers.hmap -Xcc -I/Users/letzgo/Library/Developer/Xcode/DerivedData/pleaco-bvtpxeibsmbrxuhijmrefslxjupp/Build/Intermediates.noindex/pleaco.build/Debug-iphonesimulator/pleaco.build/pleaco-all-target-headers.hmap -Xcc -iquote -Xcc /Users/letzgo/Library/Developer/Xcode/DerivedData/pleaco-bvtpxeibsmbrxuhijmrefslxjupp/Build/Intermediates.noindex/pleaco.build/Debug-iphonesimulator/pleaco.build/pleaco-project-headers.hmap -Xcc -I/Users/letzgo/Library/Developer/Xcode/DerivedData/pleaco-bvtpxeibsmbrxuhijmrefslxjupp/Build/Products/Debug-iphonesimulator/include -Xcc -I/Users/letzgo/Library/Developer/Xcode/DerivedData/pleaco-bvtpxeibsmbrxuhijmrefslxjupp/Build/Intermediates.noindex/pleaco.build/Debug-iphonesimulator/pleaco.build/DerivedSources-normal/arm64 -Xcc -I/Users/letzgo/Library/Developer/Xcode/DerivedData/pleaco-bvtpxeibsmbrxuhijmrefslxjupp/Build/Intermediates.noindex/pleaco.build/Debug-iphonesimulator/pleaco.build/DerivedSources/arm64 -Xcc -I/Users/letzgo/Library/Developer/Xcode/DerivedData/pleaco-bvtpxeibsmbrxuhijmrefslxjupp/Build/Intermediates.noindex/pleaco.build/Debug-iphonesimulator/pleaco.build/DerivedSources -Xcc -DDEBUG\=1 -emit-objc-header -emit-objc-header-path /Users/letzgo/Library/Developer/Xcode/DerivedData/pleaco-bvtpxeibsmbrxuhijmrefslxjupp/Build/Intermediates.noindex/pleaco.build/Debug-iphonesimulator/pleaco.build/Objects-normal/arm64/pleaco-Swift.h -working-directory /Users/letzgo/Nextcloud/code/pleaco -experimental-emit-module-separately -disable-cmo

SwiftDriver\ Compilation pleaco normal x86_64 com.apple.xcode.tools.swift.compiler (in target 'pleaco' from project 'pleaco')
    cd /Users/letzgo/Nextcloud/code/pleaco
    builtin-Swift-Compilation -- /Applications/Xcode.app/Contents/Developer/Toolchains/XcodeDefault.xctoolchain/usr/bin/swiftc -module-name pleaco -Onone -enforce-exclusivity\=checked @/Users/letzgo/Library/Developer/Xcode/DerivedData/pleaco-bvtpxeibsmbrxuhijmrefslxjupp/Build/Intermediates.noindex/pleaco.build/Debug-iphonesimulator/pleaco.build/Objects-normal/x86_64/pleaco.SwiftFileList -DDEBUG -default-isolation\=MainActor -enable-bare-slash-regex -enable-upcoming-feature DisableOutwardActorInference -enable-upcoming-feature InferSendableFromCaptures -enable-upcoming-feature GlobalActorIsolatedTypesUsability -enable-upcoming-feature MemberImportVisibility -enable-upcoming-feature InferIsolatedConformances -enable-upcoming-feature NonisolatedNonsendingByDefault -enable-experimental-feature DebugDescriptionMacro -sdk /Applications/Xcode.app/Contents/Developer/Platforms/iPhoneSimulator.platform/Developer/SDKs/iPhoneSimulator26.2.sdk -target x86_64-apple-ios26.2-simulator -g -module-cache-path /Users/letzgo/Library/Developer/Xcode/DerivedData/ModuleCache.noindex -Xfrontend -serialize-debugging-options -enable-testing -index-store-path /Users/letzgo/Library/Developer/Xcode/DerivedData/pleaco-bvtpxeibsmbrxuhijmrefslxjupp/Index.noindex/DataStore -Xcc -D_LIBCPP_HARDENING_MODE\=_LIBCPP_HARDENING_MODE_DEBUG -swift-version 5 -I /Users/letzgo/Library/Developer/Xcode/DerivedData/pleaco-bvtpxeibsmbrxuhijmrefslxjupp/Build/Products/Debug-iphonesimulator -F /Users/letzgo/Library/Developer/Xcode/DerivedData/pleaco-bvtpxeibsmbrxuhijmrefslxjupp/Build/Products/Debug-iphonesimulator -emit-localized-strings -emit-localized-strings-path /Users/letzgo/Library/Developer/Xcode/DerivedData/pleaco-bvtpxeibsmbrxuhijmrefslxjupp/Build/Intermediates.noindex/pleaco.build/Debug-iphonesimulator/pleaco.build/Objects-normal/x86_64 -c -j12 -enable-batch-mode -incremental -Xcc -ivfsstatcache -Xcc /Users/letzgo/Library/Developer/Xcode/DerivedData/SDKStatCaches.noindex/iphonesimulator26.2-23C57-7d00a8b37fbd7999ea79df8ebc024bf0.sdkstatcache -output-file-map /Users/letzgo/Library/Developer/Xcode/DerivedData/pleaco-bvtpxeibsmbrxuhijmrefslxjupp/Build/Intermediates.noindex/pleaco.build/Debug-iphonesimulator/pleaco.build/Objects-normal/x86_64/pleaco-OutputFileMap.json -use-frontend-parseable-output -save-temps -no-color-diagnostics -explicit-module-build -module-cache-path /Users/letzgo/Library/Developer/Xcode/DerivedData/pleaco-bvtpxeibsmbrxuhijmrefslxjupp/Build/Intermediates.noindex/SwiftExplicitPrecompiledModules -clang-scanner-module-cache-path /Users/letzgo/Library/Developer/Xcode/DerivedData/ModuleCache.noindex -sdk-module-cache-path /Users/letzgo/Library/Developer/Xcode/DerivedData/ModuleCache.noindex -serialize-diagnostics -emit-dependencies -emit-module -emit-module-path /Users/letzgo/Library/Developer/Xcode/DerivedData/pleaco-bvtpxeibsmbrxuhijmrefslxjupp/Build/Intermediates.noindex/pleaco.build/Debug-iphonesimulator/pleaco.build/Objects-normal/x86_64/pleaco.swiftmodule -validate-clang-modules-once -clang-build-session-file /Users/letzgo/Library/Developer/Xcode/DerivedData/ModuleCache.noindex/Session.modulevalidation -Xcc -I/Users/letzgo/Library/Developer/Xcode/DerivedData/pleaco-bvtpxeibsmbrxuhijmrefslxjupp/Build/Intermediates.noindex/pleaco.build/Debug-iphonesimulator/pleaco.build/swift-overrides.hmap -emit-const-values -Xfrontend -const-gather-protocols-file -Xfrontend /Users/letzgo/Library/Developer/Xcode/DerivedData/pleaco-bvtpxeibsmbrxuhijmrefslxjupp/Build/Intermediates.noindex/pleaco.build/Debug-iphonesimulator/pleaco.build/Objects-normal/x86_64/pleaco_const_extract_protocols.json -Xcc -iquote -Xcc /Users/letzgo/Library/Developer/Xcode/DerivedData/pleaco-bvtpxeibsmbrxuhijmrefslxjupp/Build/Intermediates.noindex/pleaco.build/Debug-iphonesimulator/pleaco.build/pleaco-generated-files.hmap -Xcc -I/Users/letzgo/Library/Developer/Xcode/DerivedData/pleaco-bvtpxeibsmbrxuhijmrefslxjupp/Build/Intermediates.noindex/pleaco.build/Debug-iphonesimulator/pleaco.build/pleaco-own-target-headers.hmap -Xcc -I/Users/letzgo/Library/Developer/Xcode/DerivedData/pleaco-bvtpxeibsmbrxuhijmrefslxjupp/Build/Intermediates.noindex/pleaco.build/Debug-iphonesimulator/pleaco.build/pleaco-all-target-headers.hmap -Xcc -iquote -Xcc /Users/letzgo/Library/Developer/Xcode/DerivedData/pleaco-bvtpxeibsmbrxuhijmrefslxjupp/Build/Intermediates.noindex/pleaco.build/Debug-iphonesimulator/pleaco.build/pleaco-project-headers.hmap -Xcc -I/Users/letzgo/Library/Developer/Xcode/DerivedData/pleaco-bvtpxeibsmbrxuhijmrefslxjupp/Build/Products/Debug-iphonesimulator/include -Xcc -I/Users/letzgo/Library/Developer/Xcode/DerivedData/pleaco-bvtpxeibsmbrxuhijmrefslxjupp/Build/Intermediates.noindex/pleaco.build/Debug-iphonesimulator/pleaco.build/DerivedSources-normal/x86_64 -Xcc -I/Users/letzgo/Library/Developer/Xcode/DerivedData/pleaco-bvtpxeibsmbrxuhijmrefslxjupp/Build/Intermediates.noindex/pleaco.build/Debug-iphonesimulator/pleaco.build/DerivedSources/x86_64 -Xcc -I/Users/letzgo/Library/Developer/Xcode/DerivedData/pleaco-bvtpxeibsmbrxuhijmrefslxjupp/Build/Intermediates.noindex/pleaco.build/Debug-iphonesimulator/pleaco.build/DerivedSources -Xcc -DDEBUG\=1 -emit-objc-header -emit-objc-header-path /Users/letzgo/Library/Developer/Xcode/DerivedData/pleaco-bvtpxeibsmbrxuhijmrefslxjupp/Build/Intermediates.noindex/pleaco.build/Debug-iphonesimulator/pleaco.build/Objects-normal/x86_64/pleaco-Swift.h -working-directory /Users/letzgo/Nextcloud/code/pleaco -experimental-emit-module-separately -disable-cmo

Ld /Users/letzgo/Library/Developer/Xcode/DerivedData/pleaco-bvtpxeibsmbrxuhijmrefslxjupp/Build/Intermediates.noindex/pleaco.build/Debug-iphonesimulator/pleaco.build/Objects-normal/arm64/Binary/pleaco.debug.dylib normal arm64 (in target 'pleaco' from project 'pleaco')
    cd /Users/letzgo/Nextcloud/code/pleaco
    /Applications/Xcode.app/Contents/Developer/Toolchains/XcodeDefault.xctoolchain/usr/bin/clang -Xlinker -reproducible -target arm64-apple-ios26.2-simulator -dynamiclib -isysroot /Applications/Xcode.app/Contents/Developer/Platforms/iPhoneSimulator.platform/Developer/SDKs/iPhoneSimulator26.2.sdk -O0 -L/Users/letzgo/Library/Developer/Xcode/DerivedData/pleaco-bvtpxeibsmbrxuhijmrefslxjupp/Build/Intermediates.noindex/EagerLinkingTBDs/Debug-iphonesimulator -L/Users/letzgo/Library/Developer/Xcode/DerivedData/pleaco-bvtpxeibsmbrxuhijmrefslxjupp/Build/Products/Debug-iphonesimulator -F/Users/letzgo/Library/Developer/Xcode/DerivedData/pleaco-bvtpxeibsmbrxuhijmrefslxjupp/Build/Intermediates.noindex/EagerLinkingTBDs/Debug-iphonesimulator -F/Users/letzgo/Library/Developer/Xcode/DerivedData/pleaco-bvtpxeibsmbrxuhijmrefslxjupp/Build/Products/Debug-iphonesimulator -filelist /Users/letzgo/Library/Developer/Xcode/DerivedData/pleaco-bvtpxeibsmbrxuhijmrefslxjupp/Build/Intermediates.noindex/pleaco.build/Debug-iphonesimulator/pleaco.build/Objects-normal/arm64/pleaco.LinkFileList -install_name @rpath/pleaco.debug.dylib -Xlinker -rpath -Xlinker @executable_path/Frameworks -dead_strip -Xlinker -object_path_lto -Xlinker /Users/letzgo/Library/Developer/Xcode/DerivedData/pleaco-bvtpxeibsmbrxuhijmrefslxjupp/Build/Intermediates.noindex/pleaco.build/Debug-iphonesimulator/pleaco.build/Objects-normal/arm64/pleaco_lto.o -rdynamic -Xlinker -no_deduplicate -Xlinker -objc_abi_version -Xlinker 2 -Xlinker -dependency_info -Xlinker /Users/letzgo/Library/Developer/Xcode/DerivedData/pleaco-bvtpxeibsmbrxuhijmrefslxjupp/Build/Intermediates.noindex/pleaco.build/Debug-iphonesimulator/pleaco.build/Objects-normal/arm64/pleaco_dependency_info.dat -fobjc-link-runtime -L/Applications/Xcode.app/Contents/Developer/Toolchains/XcodeDefault.xctoolchain/usr/lib/swift/iphonesimulator -L/usr/lib/swift -Xlinker -add_ast_path -Xlinker /Users/letzgo/Library/Developer/Xcode/DerivedData/pleaco-bvtpxeibsmbrxuhijmrefslxjupp/Build/Intermediates.noindex/pleaco.build/Debug-iphonesimulator/pleaco.build/Objects-normal/arm64/pleaco.swiftmodule @/Users/letzgo/Library/Developer/Xcode/DerivedData/pleaco-bvtpxeibsmbrxuhijmrefslxjupp/Build/Intermediates.noindex/pleaco.build/Debug-iphonesimulator/pleaco.build/Objects-normal/arm64/pleaco-linker-args.resp -Xlinker -alias -Xlinker _main -Xlinker ___debug_main_executable_dylib_entry_point -Xlinker -no_adhoc_codesign -o /Users/letzgo/Library/Developer/Xcode/DerivedData/pleaco-bvtpxeibsmbrxuhijmrefslxjupp/Build/Intermediates.noindex/pleaco.build/Debug-iphonesimulator/pleaco.build/Objects-normal/arm64/Binary/pleaco.debug.dylib

Ld /Users/letzgo/Library/Developer/Xcode/DerivedData/pleaco-bvtpxeibsmbrxuhijmrefslxjupp/Build/Intermediates.noindex/pleaco.build/Debug-iphonesimulator/pleaco.build/Objects-normal/x86_64/Binary/pleaco.debug.dylib normal x86_64 (in target 'pleaco' from project 'pleaco')
    cd /Users/letzgo/Nextcloud/code/pleaco
    /Applications/Xcode.app/Contents/Developer/Toolchains/XcodeDefault.xctoolchain/usr/bin/clang -Xlinker -reproducible -target x86_64-apple-ios26.2-simulator -dynamiclib -isysroot /Applications/Xcode.app/Contents/Developer/Platforms/iPhoneSimulator.platform/Developer/SDKs/iPhoneSimulator26.2.sdk -O0 -L/Users/letzgo/Library/Developer/Xcode/DerivedData/pleaco-bvtpxeibsmbrxuhijmrefslxjupp/Build/Intermediates.noindex/EagerLinkingTBDs/Debug-iphonesimulator -L/Users/letzgo/Library/Developer/Xcode/DerivedData/pleaco-bvtpxeibsmbrxuhijmrefslxjupp/Build/Products/Debug-iphonesimulator -F/Users/letzgo/Library/Developer/Xcode/DerivedData/pleaco-bvtpxeibsmbrxuhijmrefslxjupp/Build/Intermediates.noindex/EagerLinkingTBDs/Debug-iphonesimulator -F/Users/letzgo/Library/Developer/Xcode/DerivedData/pleaco-bvtpxeibsmbrxuhijmrefslxjupp/Build/Products/Debug-iphonesimulator -filelist /Users/letzgo/Library/Developer/Xcode/DerivedData/pleaco-bvtpxeibsmbrxuhijmrefslxjupp/Build/Intermediates.noindex/pleaco.build/Debug-iphonesimulator/pleaco.build/Objects-normal/x86_64/pleaco.LinkFileList -install_name @rpath/pleaco.debug.dylib -Xlinker -rpath -Xlinker @executable_path/Frameworks -dead_strip -Xlinker -object_path_lto -Xlinker /Users/letzgo/Library/Developer/Xcode/DerivedData/pleaco-bvtpxeibsmbrxuhijmrefslxjupp/Build/Intermediates.noindex/pleaco.build/Debug-iphonesimulator/pleaco.build/Objects-normal/x86_64/pleaco_lto.o -rdynamic -Xlinker -no_deduplicate -Xlinker -objc_abi_version -Xlinker 2 -Xlinker -dependency_info -Xlinker /Users/letzgo/Library/Developer/Xcode/DerivedData/pleaco-bvtpxeibsmbrxuhijmrefslxjupp/Build/Intermediates.noindex/pleaco.build/Debug-iphonesimulator/pleaco.build/Objects-normal/x86_64/pleaco_dependency_info.dat -fobjc-link-runtime -L/Applications/Xcode.app/Contents/Developer/Toolchains/XcodeDefault.xctoolchain/usr/lib/swift/iphonesimulator -L/usr/lib/swift -Xlinker -add_ast_path -Xlinker /Users/letzgo/Library/Developer/Xcode/DerivedData/pleaco-bvtpxeibsmbrxuhijmrefslxjupp/Build/Intermediates.noindex/pleaco.build/Debug-iphonesimulator/pleaco.build/Objects-normal/x86_64/pleaco.swiftmodule @/Users/letzgo/Library/Developer/Xcode/DerivedData/pleaco-bvtpxeibsmbrxuhijmrefslxjupp/Build/Intermediates.noindex/pleaco.build/Debug-iphonesimulator/pleaco.build/Objects-normal/x86_64/pleaco-linker-args.resp -Xlinker -alias -Xlinker _main -Xlinker ___debug_main_executable_dylib_entry_point -Xlinker -no_adhoc_codesign -o /Users/letzgo/Library/Developer/Xcode/DerivedData/pleaco-bvtpxeibsmbrxuhijmrefslxjupp/Build/Intermediates.noindex/pleaco.build/Debug-iphonesimulator/pleaco.build/Objects-normal/x86_64/Binary/pleaco.debug.dylib

ConstructStubExecutorLinkFileList /Users/letzgo/Library/Developer/Xcode/DerivedData/pleaco-bvtpxeibsmbrxuhijmrefslxjupp/Build/Intermediates.noindex/pleaco.build/Debug-iphonesimulator/pleaco.build/pleaco-ExecutorLinkFileList-normal-arm64.txt (in target 'pleaco' from project 'pleaco')
    cd /Users/letzgo/Nextcloud/code/pleaco
    construct-stub-executor-link-file-list /Users/letzgo/Library/Developer/Xcode/DerivedData/pleaco-bvtpxeibsmbrxuhijmrefslxjupp/Build/Intermediates.noindex/pleaco.build/Debug-iphonesimulator/pleaco.build/Objects-normal/arm64/Binary/pleaco.debug.dylib /Applications/Xcode.app/Contents/Developer/Platforms/iPhoneSimulator.platform/Developer/usr/lib/libPreviewsJITStubExecutor_no_swift_entry_point.a /Applications/Xcode.app/Contents/Developer/Platforms/iPhoneSimulator.platform/Developer/usr/lib/libPreviewsJITStubExecutor.a --output /Users/letzgo/Library/Developer/Xcode/DerivedData/pleaco-bvtpxeibsmbrxuhijmrefslxjupp/Build/Intermediates.noindex/pleaco.build/Debug-iphonesimulator/pleaco.build/pleaco-ExecutorLinkFileList-normal-arm64.txt
note: Using stub executor library with Swift entry point. (in target 'pleaco' from project 'pleaco')

CreateUniversalBinary /Users/letzgo/Library/Developer/Xcode/DerivedData/pleaco-bvtpxeibsmbrxuhijmrefslxjupp/Build/Products/Debug-iphonesimulator/pleaco.app/pleaco.debug.dylib normal arm64\ x86_64 (in target 'pleaco' from project 'pleaco')
    cd /Users/letzgo/Nextcloud/code/pleaco
    /Applications/Xcode.app/Contents/Developer/Toolchains/XcodeDefault.xctoolchain/usr/bin/lipo -create /Users/letzgo/Library/Developer/Xcode/DerivedData/pleaco-bvtpxeibsmbrxuhijmrefslxjupp/Build/Intermediates.noindex/pleaco.build/Debug-iphonesimulator/pleaco.build/Objects-normal/arm64/Binary/pleaco.debug.dylib /Users/letzgo/Library/Developer/Xcode/DerivedData/pleaco-bvtpxeibsmbrxuhijmrefslxjupp/Build/Intermediates.noindex/pleaco.build/Debug-iphonesimulator/pleaco.build/Objects-normal/x86_64/Binary/pleaco.debug.dylib -output /Users/letzgo/Library/Developer/Xcode/DerivedData/pleaco-bvtpxeibsmbrxuhijmrefslxjupp/Build/Products/Debug-iphonesimulator/pleaco.app/pleaco.debug.dylib

ConstructStubExecutorLinkFileList /Users/letzgo/Library/Developer/Xcode/DerivedData/pleaco-bvtpxeibsmbrxuhijmrefslxjupp/Build/Intermediates.noindex/pleaco.build/Debug-iphonesimulator/pleaco.build/pleaco-ExecutorLinkFileList-normal-x86_64.txt (in target 'pleaco' from project 'pleaco')
    cd /Users/letzgo/Nextcloud/code/pleaco
    construct-stub-executor-link-file-list /Users/letzgo/Library/Developer/Xcode/DerivedData/pleaco-bvtpxeibsmbrxuhijmrefslxjupp/Build/Intermediates.noindex/pleaco.build/Debug-iphonesimulator/pleaco.build/Objects-normal/x86_64/Binary/pleaco.debug.dylib /Applications/Xcode.app/Contents/Developer/Platforms/iPhoneSimulator.platform/Developer/usr/lib/libPreviewsJITStubExecutor_no_swift_entry_point.a /Applications/Xcode.app/Contents/Developer/Platforms/iPhoneSimulator.platform/Developer/usr/lib/libPreviewsJITStubExecutor.a --output /Users/letzgo/Library/Developer/Xcode/DerivedData/pleaco-bvtpxeibsmbrxuhijmrefslxjupp/Build/Intermediates.noindex/pleaco.build/Debug-iphonesimulator/pleaco.build/pleaco-ExecutorLinkFileList-normal-x86_64.txt
note: Using stub executor library with Swift entry point. (in target 'pleaco' from project 'pleaco')

Ld /Users/letzgo/Library/Developer/Xcode/DerivedData/pleaco-bvtpxeibsmbrxuhijmrefslxjupp/Build/Intermediates.noindex/pleaco.build/Debug-iphonesimulator/pleaco.build/Objects-normal/x86_64/Binary/pleaco normal x86_64 (in target 'pleaco' from project 'pleaco')
    cd /Users/letzgo/Nextcloud/code/pleaco
    /Applications/Xcode.app/Contents/Developer/Toolchains/XcodeDefault.xctoolchain/usr/bin/clang -Xlinker -reproducible -target x86_64-apple-ios26.2-simulator -isysroot /Applications/Xcode.app/Contents/Developer/Platforms/iPhoneSimulator.platform/Developer/SDKs/iPhoneSimulator26.2.sdk -O0 -L/Users/letzgo/Library/Developer/Xcode/DerivedData/pleaco-bvtpxeibsmbrxuhijmrefslxjupp/Build/Products/Debug-iphonesimulator -F/Users/letzgo/Library/Developer/Xcode/DerivedData/pleaco-bvtpxeibsmbrxuhijmrefslxjupp/Build/Products/Debug-iphonesimulator -Xlinker -rpath -Xlinker @executable_path -Xlinker -rpath -Xlinker @executable_path/Frameworks -rdynamic -Xlinker -no_deduplicate -Xlinker -objc_abi_version -Xlinker 2 -e ___debug_blank_executor_main -Xlinker -sectcreate -Xlinker __TEXT -Xlinker __debug_dylib -Xlinker /Users/letzgo/Library/Developer/Xcode/DerivedData/pleaco-bvtpxeibsmbrxuhijmrefslxjupp/Build/Intermediates.noindex/pleaco.build/Debug-iphonesimulator/pleaco.build/pleaco-DebugDylibPath-normal-x86_64.txt -Xlinker -sectcreate -Xlinker __TEXT -Xlinker __debug_instlnm -Xlinker /Users/letzgo/Library/Developer/Xcode/DerivedData/pleaco-bvtpxeibsmbrxuhijmrefslxjupp/Build/Intermediates.noindex/pleaco.build/Debug-iphonesimulator/pleaco.build/pleaco-DebugDylibInstallName-normal-x86_64.txt -Xlinker -filelist -Xlinker /Users/letzgo/Library/Developer/Xcode/DerivedData/pleaco-bvtpxeibsmbrxuhijmrefslxjupp/Build/Intermediates.noindex/pleaco.build/Debug-iphonesimulator/pleaco.build/pleaco-ExecutorLinkFileList-normal-x86_64.txt -Xlinker -sectcreate -Xlinker __TEXT -Xlinker __entitlements -Xlinker /Users/letzgo/Library/Developer/Xcode/DerivedData/pleaco-bvtpxeibsmbrxuhijmrefslxjupp/Build/Intermediates.noindex/pleaco.build/Debug-iphonesimulator/pleaco.build/pleaco.app-Simulated.xcent -Xlinker -sectcreate -Xlinker __TEXT -Xlinker __ents_der -Xlinker /Users/letzgo/Library/Developer/Xcode/DerivedData/pleaco-bvtpxeibsmbrxuhijmrefslxjupp/Build/Intermediates.noindex/pleaco.build/Debug-iphonesimulator/pleaco.build/pleaco.app-Simulated.xcent.der /Users/letzgo/Library/Developer/Xcode/DerivedData/pleaco-bvtpxeibsmbrxuhijmrefslxjupp/Build/Intermediates.noindex/pleaco.build/Debug-iphonesimulator/pleaco.build/Objects-normal/x86_64/Binary/pleaco.debug.dylib -Xlinker -no_adhoc_codesign -o /Users/letzgo/Library/Developer/Xcode/DerivedData/pleaco-bvtpxeibsmbrxuhijmrefslxjupp/Build/Intermediates.noindex/pleaco.build/Debug-iphonesimulator/pleaco.build/Objects-normal/x86_64/Binary/pleaco

Ld /Users/letzgo/Library/Developer/Xcode/DerivedData/pleaco-bvtpxeibsmbrxuhijmrefslxjupp/Build/Intermediates.noindex/pleaco.build/Debug-iphonesimulator/pleaco.build/Objects-normal/arm64/Binary/pleaco normal arm64 (in target 'pleaco' from project 'pleaco')
    cd /Users/letzgo/Nextcloud/code/pleaco
    /Applications/Xcode.app/Contents/Developer/Toolchains/XcodeDefault.xctoolchain/usr/bin/clang -Xlinker -reproducible -target arm64-apple-ios26.2-simulator -isysroot /Applications/Xcode.app/Contents/Developer/Platforms/iPhoneSimulator.platform/Developer/SDKs/iPhoneSimulator26.2.sdk -O0 -L/Users/letzgo/Library/Developer/Xcode/DerivedData/pleaco-bvtpxeibsmbrxuhijmrefslxjupp/Build/Products/Debug-iphonesimulator -F/Users/letzgo/Library/Developer/Xcode/DerivedData/pleaco-bvtpxeibsmbrxuhijmrefslxjupp/Build/Products/Debug-iphonesimulator -Xlinker -rpath -Xlinker @executable_path -Xlinker -rpath -Xlinker @executable_path/Frameworks -rdynamic -Xlinker -no_deduplicate -Xlinker -objc_abi_version -Xlinker 2 -e ___debug_blank_executor_main -Xlinker -sectcreate -Xlinker __TEXT -Xlinker __debug_dylib -Xlinker /Users/letzgo/Library/Developer/Xcode/DerivedData/pleaco-bvtpxeibsmbrxuhijmrefslxjupp/Build/Intermediates.noindex/pleaco.build/Debug-iphonesimulator/pleaco.build/pleaco-DebugDylibPath-normal-arm64.txt -Xlinker -sectcreate -Xlinker __TEXT -Xlinker __debug_instlnm -Xlinker /Users/letzgo/Library/Developer/Xcode/DerivedData/pleaco-bvtpxeibsmbrxuhijmrefslxjupp/Build/Intermediates.noindex/pleaco.build/Debug-iphonesimulator/pleaco.build/pleaco-DebugDylibInstallName-normal-arm64.txt -Xlinker -filelist -Xlinker /Users/letzgo/Library/Developer/Xcode/DerivedData/pleaco-bvtpxeibsmbrxuhijmrefslxjupp/Build/Intermediates.noindex/pleaco.build/Debug-iphonesimulator/pleaco.build/pleaco-ExecutorLinkFileList-normal-arm64.txt -Xlinker -sectcreate -Xlinker __TEXT -Xlinker __entitlements -Xlinker /Users/letzgo/Library/Developer/Xcode/DerivedData/pleaco-bvtpxeibsmbrxuhijmrefslxjupp/Build/Intermediates.noindex/pleaco.build/Debug-iphonesimulator/pleaco.build/pleaco.app-Simulated.xcent -Xlinker -sectcreate -Xlinker __TEXT -Xlinker __ents_der -Xlinker /Users/letzgo/Library/Developer/Xcode/DerivedData/pleaco-bvtpxeibsmbrxuhijmrefslxjupp/Build/Intermediates.noindex/pleaco.build/Debug-iphonesimulator/pleaco.build/pleaco.app-Simulated.xcent.der /Users/letzgo/Library/Developer/Xcode/DerivedData/pleaco-bvtpxeibsmbrxuhijmrefslxjupp/Build/Intermediates.noindex/pleaco.build/Debug-iphonesimulator/pleaco.build/Objects-normal/arm64/Binary/pleaco.debug.dylib -Xlinker -no_adhoc_codesign -o /Users/letzgo/Library/Developer/Xcode/DerivedData/pleaco-bvtpxeibsmbrxuhijmrefslxjupp/Build/Intermediates.noindex/pleaco.build/Debug-iphonesimulator/pleaco.build/Objects-normal/arm64/Binary/pleaco

CreateUniversalBinary /Users/letzgo/Library/Developer/Xcode/DerivedData/pleaco-bvtpxeibsmbrxuhijmrefslxjupp/Build/Products/Debug-iphonesimulator/pleaco.app/pleaco normal arm64\ x86_64 (in target 'pleaco' from project 'pleaco')
    cd /Users/letzgo/Nextcloud/code/pleaco
    /Applications/Xcode.app/Contents/Developer/Toolchains/XcodeDefault.xctoolchain/usr/bin/lipo -create /Users/letzgo/Library/Developer/Xcode/DerivedData/pleaco-bvtpxeibsmbrxuhijmrefslxjupp/Build/Intermediates.noindex/pleaco.build/Debug-iphonesimulator/pleaco.build/Objects-normal/arm64/Binary/pleaco /Users/letzgo/Library/Developer/Xcode/DerivedData/pleaco-bvtpxeibsmbrxuhijmrefslxjupp/Build/Intermediates.noindex/pleaco.build/Debug-iphonesimulator/pleaco.build/Objects-normal/x86_64/Binary/pleaco -output /Users/letzgo/Library/Developer/Xcode/DerivedData/pleaco-bvtpxeibsmbrxuhijmrefslxjupp/Build/Products/Debug-iphonesimulator/pleaco.app/pleaco

CopySwiftLibs /Users/letzgo/Library/Developer/Xcode/DerivedData/pleaco-bvtpxeibsmbrxuhijmrefslxjupp/Build/Products/Debug-iphonesimulator/pleaco.app (in target 'pleaco' from project 'pleaco')
    cd /Users/letzgo/Nextcloud/code/pleaco
    builtin-swiftStdLibTool --copy --verbose --sign - --scan-executable /Users/letzgo/Library/Developer/Xcode/DerivedData/pleaco-bvtpxeibsmbrxuhijmrefslxjupp/Build/Products/Debug-iphonesimulator/pleaco.app/pleaco.debug.dylib --scan-folder /Users/letzgo/Library/Developer/Xcode/DerivedData/pleaco-bvtpxeibsmbrxuhijmrefslxjupp/Build/Products/Debug-iphonesimulator/pleaco.app/Frameworks --scan-folder /Users/letzgo/Library/Developer/Xcode/DerivedData/pleaco-bvtpxeibsmbrxuhijmrefslxjupp/Build/Products/Debug-iphonesimulator/pleaco.app/PlugIns --scan-folder /Users/letzgo/Library/Developer/Xcode/DerivedData/pleaco-bvtpxeibsmbrxuhijmrefslxjupp/Build/Products/Debug-iphonesimulator/pleaco.app/SystemExtensions --scan-folder /Users/letzgo/Library/Developer/Xcode/DerivedData/pleaco-bvtpxeibsmbrxuhijmrefslxjupp/Build/Products/Debug-iphonesimulator/pleaco.app/Extensions --platform iphonesimulator --toolchain /Applications/Xcode.app/Contents/Developer/Toolchains/XcodeDefault.xctoolchain --destination /Users/letzgo/Library/Developer/Xcode/DerivedData/pleaco-bvtpxeibsmbrxuhijmrefslxjupp/Build/Products/Debug-iphonesimulator/pleaco.app/Frameworks --strip-bitcode --strip-bitcode-tool /Applications/Xcode.app/Contents/Developer/Toolchains/XcodeDefault.xctoolchain/usr/bin/bitcode_strip --emit-dependency-info /Users/letzgo/Library/Developer/Xcode/DerivedData/pleaco-bvtpxeibsmbrxuhijmrefslxjupp/Build/Intermediates.noindex/pleaco.build/Debug-iphonesimulator/pleaco.build/SwiftStdLibToolInputDependencies.dep --filter-for-swift-os

ExtractAppIntentsMetadata (in target 'pleaco' from project 'pleaco')
    cd /Users/letzgo/Nextcloud/code/pleaco
    /Applications/Xcode.app/Contents/Developer/Toolchains/XcodeDefault.xctoolchain/usr/bin/appintentsmetadataprocessor --toolchain-dir /Applications/Xcode.app/Contents/Developer/Toolchains/XcodeDefault.xctoolchain --module-name pleaco --sdk-root /Applications/Xcode.app/Contents/Developer/Platforms/iPhoneSimulator.platform/Developer/SDKs/iPhoneSimulator26.2.sdk --xcode-version 17C519 --platform-family iOS --deployment-target 26.2 --bundle-identifier de.letzgo.pleaco --output /Users/letzgo/Library/Developer/Xcode/DerivedData/pleaco-bvtpxeibsmbrxuhijmrefslxjupp/Build/Products/Debug-iphonesimulator/pleaco.app --target-triple arm64-apple-ios26.2-simulator --target-triple x86_64-apple-ios26.2-simulator --binary-file /Users/letzgo/Library/Developer/Xcode/DerivedData/pleaco-bvtpxeibsmbrxuhijmrefslxjupp/Build/Products/Debug-iphonesimulator/pleaco.app/pleaco --dependency-file /Users/letzgo/Library/Developer/Xcode/DerivedData/pleaco-bvtpxeibsmbrxuhijmrefslxjupp/Build/Intermediates.noindex/pleaco.build/Debug-iphonesimulator/pleaco.build/Objects-normal/arm64/pleaco_dependency_info.dat --dependency-file /Users/letzgo/Library/Developer/Xcode/DerivedData/pleaco-bvtpxeibsmbrxuhijmrefslxjupp/Build/Intermediates.noindex/pleaco.build/Debug-iphonesimulator/pleaco.build/Objects-normal/x86_64/pleaco_dependency_info.dat --stringsdata-file /Users/letzgo/Library/Developer/Xcode/DerivedData/pleaco-bvtpxeibsmbrxuhijmrefslxjupp/Build/Intermediates.noindex/pleaco.build/Debug-iphonesimulator/pleaco.build/Objects-normal/arm64/ExtractedAppShortcutsMetadata.stringsdata --stringsdata-file /Users/letzgo/Library/Developer/Xcode/DerivedData/pleaco-bvtpxeibsmbrxuhijmrefslxjupp/Build/Intermediates.noindex/pleaco.build/Debug-iphonesimulator/pleaco.build/Objects-normal/x86_64/ExtractedAppShortcutsMetadata.stringsdata --source-file-list /Users/letzgo/Library/Developer/Xcode/DerivedData/pleaco-bvtpxeibsmbrxuhijmrefslxjupp/Build/Intermediates.noindex/pleaco.build/Debug-iphonesimulator/pleaco.build/Objects-normal/arm64/pleaco.SwiftFileList --source-file-list /Users/letzgo/Library/Developer/Xcode/DerivedData/pleaco-bvtpxeibsmbrxuhijmrefslxjupp/Build/Intermediates.noindex/pleaco.build/Debug-iphonesimulator/pleaco.build/Objects-normal/x86_64/pleaco.SwiftFileList --metadata-file-list /Users/letzgo/Library/Developer/Xcode/DerivedData/pleaco-bvtpxeibsmbrxuhijmrefslxjupp/Build/Intermediates.noindex/pleaco.build/Debug-iphonesimulator/pleaco.build/pleaco.DependencyMetadataFileList --static-metadata-file-list /Users/letzgo/Library/Developer/Xcode/DerivedData/pleaco-bvtpxeibsmbrxuhijmrefslxjupp/Build/Intermediates.noindex/pleaco.build/Debug-iphonesimulator/pleaco.build/pleaco.DependencyStaticMetadataFileList --swift-const-vals-list /Users/letzgo/Library/Developer/Xcode/DerivedData/pleaco-bvtpxeibsmbrxuhijmrefslxjupp/Build/Intermediates.noindex/pleaco.build/Debug-iphonesimulator/pleaco.build/Objects-normal/arm64/pleaco.SwiftConstValuesFileList --swift-const-vals-list /Users/letzgo/Library/Developer/Xcode/DerivedData/pleaco-bvtpxeibsmbrxuhijmrefslxjupp/Build/Intermediates.noindex/pleaco.build/Debug-iphonesimulator/pleaco.build/Objects-normal/x86_64/pleaco.SwiftConstValuesFileList --compile-time-extraction --deployment-aware-processing --validate-assistant-intents --no-app-shortcuts-localization
2026-03-01 13:53:22.070 appintentsmetadataprocessor[3082:8755238] Starting appintentsmetadataprocessor export
2026-03-01 13:53:22.072 appintentsmetadataprocessor[3082:8755238] warning: Metadata extraction skipped. No AppIntents.framework dependency found.

CodeSign /Users/letzgo/Library/Developer/Xcode/DerivedData/pleaco-bvtpxeibsmbrxuhijmrefslxjupp/Build/Products/Debug-iphonesimulator/pleaco.app/pleaco.debug.dylib (in target 'pleaco' from project 'pleaco')
    cd /Users/letzgo/Nextcloud/code/pleaco
    
    Signing Identity:     "Sign to Run Locally"
    
    /usr/bin/codesign --force --sign - --timestamp\=none --generate-entitlement-der /Users/letzgo/Library/Developer/Xcode/DerivedData/pleaco-bvtpxeibsmbrxuhijmrefslxjupp/Build/Products/Debug-iphonesimulator/pleaco.app/pleaco.debug.dylib

CodeSign /Users/letzgo/Library/Developer/Xcode/DerivedData/pleaco-bvtpxeibsmbrxuhijmrefslxjupp/Build/Products/Debug-iphonesimulator/pleaco.app/__preview.dylib (in target 'pleaco' from project 'pleaco')
    cd /Users/letzgo/Nextcloud/code/pleaco
    
    Signing Identity:     "Sign to Run Locally"
    
    /usr/bin/codesign --force --sign - --timestamp\=none --generate-entitlement-der /Users/letzgo/Library/Developer/Xcode/DerivedData/pleaco-bvtpxeibsmbrxuhijmrefslxjupp/Build/Products/Debug-iphonesimulator/pleaco.app/__preview.dylib
/Users/letzgo/Library/Developer/Xcode/DerivedData/pleaco-bvtpxeibsmbrxuhijmrefslxjupp/Build/Products/Debug-iphonesimulator/pleaco.app/__preview.dylib: replacing existing signature

CodeSign /Users/letzgo/Library/Developer/Xcode/DerivedData/pleaco-bvtpxeibsmbrxuhijmrefslxjupp/Build/Products/Debug-iphonesimulator/pleaco.app (in target 'pleaco' from project 'pleaco')
    cd /Users/letzgo/Nextcloud/code/pleaco
    
    Signing Identity:     "Sign to Run Locally"
    
    /usr/bin/codesign --force --sign - --timestamp\=none --generate-entitlement-der /Users/letzgo/Library/Developer/Xcode/DerivedData/pleaco-bvtpxeibsmbrxuhijmrefslxjupp/Build/Products/Debug-iphonesimulator/pleaco.app

Validate /Users/letzgo/Library/Developer/Xcode/DerivedData/pleaco-bvtpxeibsmbrxuhijmrefslxjupp/Build/Products/Debug-iphonesimulator/pleaco.app (in target 'pleaco' from project 'pleaco')
    cd /Users/letzgo/Nextcloud/code/pleaco
    builtin-validationUtility /Users/letzgo/Library/Developer/Xcode/DerivedData/pleaco-bvtpxeibsmbrxuhijmrefslxjupp/Build/Products/Debug-iphonesimulator/pleaco.app -shallow-bundle -infoplist-subpath Info.plist

** BUILD SUCCEEDED **

