Command line invocation:
    /Applications/Xcode.app/Contents/Developer/usr/bin/xcodebuild build -project pleaco.xcodeproj -scheme pleaco

2026-03-05 18:45:58.272 xcodebuild[44014:12884261] [MT] IDERunDestination: Supported platforms for the buildables in the current scheme is empty.
--- xcodebuild: WARNING: Using the first of multiple matching destinations:
{ platform:macOS, arch:arm64, id:00006020-000A20EA2EE8C01E, name:My Mac }
{ platform:macOS, arch:x86_64, id:00006020-000A20EA2EE8C01E, name:My Mac }
{ platform:iOS, id:dvtdevice-DVTiPhonePlaceholder-iphoneos:placeholder, name:Any iOS Device }
{ platform:iOS Simulator, id:dvtdevice-DVTiOSDeviceSimulatorPlaceholder-iphonesimulator:placeholder, name:Any iOS Simulator Device }
{ platform:macOS, name:Any Mac }
{ platform:iOS Simulator, arch:arm64, id:1946BDB6-D9EA-4896-A364-30A7B885B44E, OS:26.2, name:iPad (A16) }
{ platform:iOS Simulator, arch:arm64, id:15A3EC67-3EE9-40C8-9E20-B78CC0BC6CBD, OS:26.2, name:iPad Air 11-inch (M3) }
{ platform:iOS Simulator, arch:arm64, id:83F21BEE-24AF-4ED9-AE21-6F0F8096949F, OS:26.2, name:iPad Air 13-inch (M3) }
{ platform:iOS Simulator, arch:arm64, id:D64912EA-EC46-474B-80EA-E3CC7909B9C0, OS:26.2, name:iPad Pro 11-inch (M5) }
{ platform:iOS Simulator, arch:arm64, id:29AD59B8-4564-4485-A341-5E50BE69D836, OS:26.2, name:iPad Pro 13-inch (M5) }
{ platform:iOS Simulator, arch:arm64, id:2EF82565-39F0-4FFF-B5F5-2F51A62CD62D, OS:26.2, name:iPad mini (A17 Pro) }
{ platform:iOS Simulator, arch:arm64, id:509903BA-4233-4411-A187-C8E3CBED0235, OS:26.2, name:iPhone 16e }
{ platform:iOS Simulator, arch:arm64, id:CB88CE08-A800-4985-A8A9-166FFDF5A098, OS:26.2, name:iPhone 17 }
{ platform:iOS Simulator, arch:arm64, id:93D1F550-4EF0-4802-B5D3-C86101643B61, OS:26.2, name:iPhone 17 Pro }
{ platform:iOS Simulator, arch:arm64, id:264BBA30-561B-41D1-B1CB-9085127DD845, OS:26.2, name:iPhone 17 Pro Max }
{ platform:iOS Simulator, arch:arm64, id:A3122229-1223-4F03-BA86-42AC351C044D, OS:26.2, name:iPhone Air }
{ platform:iOS, arch:arm64, id:00008020-000628690C0B002E, name:iPad von Marie }
{ platform:iOS, arch:arm64, id:00008130-001C5C4222BA001C, name:LetzGo.iPhone }
ComputePackagePrebuildTargetDependencyGraph

Prepare packages

CreateBuildRequest

SendProjectDescription

CreateBuildOperation

ComputeTargetDependencyGraph
note: Building targets in dependency order
note: Target dependency graph (1 target)
    Target 'pleaco' in project 'pleaco' (no dependencies)

GatherProvisioningInputs

CreateBuildDescription

ExecuteExternalTool /Applications/Xcode.app/Contents/Developer/Toolchains/XcodeDefault.xctoolchain/usr/bin/clang -v -E -dM -isysroot /Applications/Xcode.app/Contents/Developer/Platforms/MacOSX.platform/Developer/SDKs/MacOSX26.2.sdk -x c -c /dev/null

ExecuteExternalTool /Applications/Xcode.app/Contents/Developer/usr/bin/actool --version --output-format xml1

ExecuteExternalTool /Applications/Xcode.app/Contents/Developer/Toolchains/XcodeDefault.xctoolchain/usr/bin/swiftc --version

ExecuteExternalTool /Applications/Xcode.app/Contents/Developer/Toolchains/XcodeDefault.xctoolchain/usr/bin/ld -version_details

Build description signature: e86c3612a720a0efadff00ba6d7496dc
Build description path: /Users/letzgo/Library/Developer/Xcode/DerivedData/pleaco-bvtpxeibsmbrxuhijmrefslxjupp/Build/Intermediates.noindex/XCBuildData/e86c3612a720a0efadff00ba6d7496dc.xcbuilddata
ClangStatCache /Applications/Xcode.app/Contents/Developer/Toolchains/XcodeDefault.xctoolchain/usr/bin/clang-stat-cache /Applications/Xcode.app/Contents/Developer/Platforms/MacOSX.platform/Developer/SDKs/MacOSX26.2.sdk /Users/letzgo/Library/Developer/Xcode/DerivedData/SDKStatCaches.noindex/macosx26.2-25C58-00fa09913b459cbbc988d1f6730289ae.sdkstatcache
    cd /Users/letzgo/Nextcloud/code/pleaco/pleaco.xcodeproj
    /Applications/Xcode.app/Contents/Developer/Toolchains/XcodeDefault.xctoolchain/usr/bin/clang-stat-cache /Applications/Xcode.app/Contents/Developer/Platforms/MacOSX.platform/Developer/SDKs/MacOSX26.2.sdk -o /Users/letzgo/Library/Developer/Xcode/DerivedData/SDKStatCaches.noindex/macosx26.2-25C58-00fa09913b459cbbc988d1f6730289ae.sdkstatcache

CreateBuildDirectory /Users/letzgo/Library/Developer/Xcode/DerivedData/pleaco-bvtpxeibsmbrxuhijmrefslxjupp/Build/Products/Debug
    cd /Users/letzgo/Nextcloud/code/pleaco/pleaco.xcodeproj
    builtin-create-build-directory /Users/letzgo/Library/Developer/Xcode/DerivedData/pleaco-bvtpxeibsmbrxuhijmrefslxjupp/Build/Products/Debug

CreateBuildDirectory /Users/letzgo/Library/Developer/Xcode/DerivedData/pleaco-bvtpxeibsmbrxuhijmrefslxjupp/Build/Intermediates.noindex/EagerLinkingTBDs/Debug
    cd /Users/letzgo/Nextcloud/code/pleaco/pleaco.xcodeproj
    builtin-create-build-directory /Users/letzgo/Library/Developer/Xcode/DerivedData/pleaco-bvtpxeibsmbrxuhijmrefslxjupp/Build/Intermediates.noindex/EagerLinkingTBDs/Debug

WriteAuxiliaryFile /Users/letzgo/Library/Developer/Xcode/DerivedData/pleaco-bvtpxeibsmbrxuhijmrefslxjupp/Build/Intermediates.noindex/pleaco.build/Debug/pleaco-bd89e79ae099836b7ea882c9a2cb335b-VFS/all-product-headers.yaml
    cd /Users/letzgo/Nextcloud/code/pleaco/pleaco.xcodeproj
    write-file /Users/letzgo/Library/Developer/Xcode/DerivedData/pleaco-bvtpxeibsmbrxuhijmrefslxjupp/Build/Intermediates.noindex/pleaco.build/Debug/pleaco-bd89e79ae099836b7ea882c9a2cb335b-VFS/all-product-headers.yaml

WriteAuxiliaryFile /Users/letzgo/Library/Developer/Xcode/DerivedData/pleaco-bvtpxeibsmbrxuhijmrefslxjupp/Build/Intermediates.noindex/pleaco.build/Debug/pleaco.build/pleaco.DependencyMetadataFileList (in target 'pleaco' from project 'pleaco')
    cd /Users/letzgo/Nextcloud/code/pleaco
    write-file /Users/letzgo/Library/Developer/Xcode/DerivedData/pleaco-bvtpxeibsmbrxuhijmrefslxjupp/Build/Intermediates.noindex/pleaco.build/Debug/pleaco.build/pleaco.DependencyMetadataFileList

WriteAuxiliaryFile /Users/letzgo/Library/Developer/Xcode/DerivedData/pleaco-bvtpxeibsmbrxuhijmrefslxjupp/Build/Intermediates.noindex/pleaco.build/Debug/pleaco.build/pleaco.hmap (in target 'pleaco' from project 'pleaco')
    cd /Users/letzgo/Nextcloud/code/pleaco
    write-file /Users/letzgo/Library/Developer/Xcode/DerivedData/pleaco-bvtpxeibsmbrxuhijmrefslxjupp/Build/Intermediates.noindex/pleaco.build/Debug/pleaco.build/pleaco.hmap

WriteAuxiliaryFile /Users/letzgo/Library/Developer/Xcode/DerivedData/pleaco-bvtpxeibsmbrxuhijmrefslxjupp/Build/Intermediates.noindex/pleaco.build/Debug/pleaco.build/pleaco-own-target-headers.hmap (in target 'pleaco' from project 'pleaco')
    cd /Users/letzgo/Nextcloud/code/pleaco
    write-file /Users/letzgo/Library/Developer/Xcode/DerivedData/pleaco-bvtpxeibsmbrxuhijmrefslxjupp/Build/Intermediates.noindex/pleaco.build/Debug/pleaco.build/pleaco-own-target-headers.hmap

WriteAuxiliaryFile /Users/letzgo/Library/Developer/Xcode/DerivedData/pleaco-bvtpxeibsmbrxuhijmrefslxjupp/Build/Intermediates.noindex/pleaco.build/Debug/pleaco.build/pleaco-DebugDylibInstallName-normal-arm64.txt (in target 'pleaco' from project 'pleaco')
    cd /Users/letzgo/Nextcloud/code/pleaco
    write-file /Users/letzgo/Library/Developer/Xcode/DerivedData/pleaco-bvtpxeibsmbrxuhijmrefslxjupp/Build/Intermediates.noindex/pleaco.build/Debug/pleaco.build/pleaco-DebugDylibInstallName-normal-arm64.txt

WriteAuxiliaryFile /Users/letzgo/Library/Developer/Xcode/DerivedData/pleaco-bvtpxeibsmbrxuhijmrefslxjupp/Build/Intermediates.noindex/pleaco.build/Debug/pleaco.build/pleaco-project-headers.hmap (in target 'pleaco' from project 'pleaco')
    cd /Users/letzgo/Nextcloud/code/pleaco
    write-file /Users/letzgo/Library/Developer/Xcode/DerivedData/pleaco-bvtpxeibsmbrxuhijmrefslxjupp/Build/Intermediates.noindex/pleaco.build/Debug/pleaco.build/pleaco-project-headers.hmap

WriteAuxiliaryFile /Users/letzgo/Library/Developer/Xcode/DerivedData/pleaco-bvtpxeibsmbrxuhijmrefslxjupp/Build/Intermediates.noindex/pleaco.build/Debug/pleaco.build/pleaco-generated-files.hmap (in target 'pleaco' from project 'pleaco')
    cd /Users/letzgo/Nextcloud/code/pleaco
    write-file /Users/letzgo/Library/Developer/Xcode/DerivedData/pleaco-bvtpxeibsmbrxuhijmrefslxjupp/Build/Intermediates.noindex/pleaco.build/Debug/pleaco.build/pleaco-generated-files.hmap

WriteAuxiliaryFile /Users/letzgo/Library/Developer/Xcode/DerivedData/pleaco-bvtpxeibsmbrxuhijmrefslxjupp/Build/Intermediates.noindex/pleaco.build/Debug/pleaco.build/empty-pleaco.plist (in target 'pleaco' from project 'pleaco')
    cd /Users/letzgo/Nextcloud/code/pleaco
    write-file /Users/letzgo/Library/Developer/Xcode/DerivedData/pleaco-bvtpxeibsmbrxuhijmrefslxjupp/Build/Intermediates.noindex/pleaco.build/Debug/pleaco.build/empty-pleaco.plist

WriteAuxiliaryFile /Users/letzgo/Library/Developer/Xcode/DerivedData/pleaco-bvtpxeibsmbrxuhijmrefslxjupp/Build/Intermediates.noindex/pleaco.build/Debug/pleaco.build/pleaco.DependencyStaticMetadataFileList (in target 'pleaco' from project 'pleaco')
    cd /Users/letzgo/Nextcloud/code/pleaco
    write-file /Users/letzgo/Library/Developer/Xcode/DerivedData/pleaco-bvtpxeibsmbrxuhijmrefslxjupp/Build/Intermediates.noindex/pleaco.build/Debug/pleaco.build/pleaco.DependencyStaticMetadataFileList

WriteAuxiliaryFile /Users/letzgo/Library/Developer/Xcode/DerivedData/pleaco-bvtpxeibsmbrxuhijmrefslxjupp/Build/Intermediates.noindex/pleaco.build/Debug/pleaco.build/pleaco-all-target-headers.hmap (in target 'pleaco' from project 'pleaco')
    cd /Users/letzgo/Nextcloud/code/pleaco
    write-file /Users/letzgo/Library/Developer/Xcode/DerivedData/pleaco-bvtpxeibsmbrxuhijmrefslxjupp/Build/Intermediates.noindex/pleaco.build/Debug/pleaco.build/pleaco-all-target-headers.hmap

WriteAuxiliaryFile /Users/letzgo/Library/Developer/Xcode/DerivedData/pleaco-bvtpxeibsmbrxuhijmrefslxjupp/Build/Intermediates.noindex/pleaco.build/Debug/pleaco.build/pleaco-DebugDylibPath-normal-arm64.txt (in target 'pleaco' from project 'pleaco')
    cd /Users/letzgo/Nextcloud/code/pleaco
    write-file /Users/letzgo/Library/Developer/Xcode/DerivedData/pleaco-bvtpxeibsmbrxuhijmrefslxjupp/Build/Intermediates.noindex/pleaco.build/Debug/pleaco.build/pleaco-DebugDylibPath-normal-arm64.txt

WriteAuxiliaryFile /Users/letzgo/Library/Developer/Xcode/DerivedData/pleaco-bvtpxeibsmbrxuhijmrefslxjupp/Build/Intermediates.noindex/pleaco.build/Debug/pleaco.build/pleaco-all-non-framework-target-headers.hmap (in target 'pleaco' from project 'pleaco')
    cd /Users/letzgo/Nextcloud/code/pleaco
    write-file /Users/letzgo/Library/Developer/Xcode/DerivedData/pleaco-bvtpxeibsmbrxuhijmrefslxjupp/Build/Intermediates.noindex/pleaco.build/Debug/pleaco.build/pleaco-all-non-framework-target-headers.hmap

WriteAuxiliaryFile /Users/letzgo/Library/Developer/Xcode/DerivedData/pleaco-bvtpxeibsmbrxuhijmrefslxjupp/Build/Intermediates.noindex/pleaco.build/Debug/pleaco.build/Objects-normal/arm64/pleaco_const_extract_protocols.json (in target 'pleaco' from project 'pleaco')
    cd /Users/letzgo/Nextcloud/code/pleaco
    write-file /Users/letzgo/Library/Developer/Xcode/DerivedData/pleaco-bvtpxeibsmbrxuhijmrefslxjupp/Build/Intermediates.noindex/pleaco.build/Debug/pleaco.build/Objects-normal/arm64/pleaco_const_extract_protocols.json

WriteAuxiliaryFile /Users/letzgo/Library/Developer/Xcode/DerivedData/pleaco-bvtpxeibsmbrxuhijmrefslxjupp/Build/Intermediates.noindex/pleaco.build/Debug/pleaco.build/Objects-normal/arm64/pleaco.SwiftFileList (in target 'pleaco' from project 'pleaco')
    cd /Users/letzgo/Nextcloud/code/pleaco
    write-file /Users/letzgo/Library/Developer/Xcode/DerivedData/pleaco-bvtpxeibsmbrxuhijmrefslxjupp/Build/Intermediates.noindex/pleaco.build/Debug/pleaco.build/Objects-normal/arm64/pleaco.SwiftFileList

WriteAuxiliaryFile /Users/letzgo/Library/Developer/Xcode/DerivedData/pleaco-bvtpxeibsmbrxuhijmrefslxjupp/Build/Intermediates.noindex/pleaco.build/Debug/pleaco.build/Objects-normal/arm64/pleaco.LinkFileList (in target 'pleaco' from project 'pleaco')
    cd /Users/letzgo/Nextcloud/code/pleaco
    write-file /Users/letzgo/Library/Developer/Xcode/DerivedData/pleaco-bvtpxeibsmbrxuhijmrefslxjupp/Build/Intermediates.noindex/pleaco.build/Debug/pleaco.build/Objects-normal/arm64/pleaco.LinkFileList

WriteAuxiliaryFile /Users/letzgo/Library/Developer/Xcode/DerivedData/pleaco-bvtpxeibsmbrxuhijmrefslxjupp/Build/Intermediates.noindex/pleaco.build/Debug/pleaco.build/Objects-normal/arm64/pleaco.SwiftConstValuesFileList (in target 'pleaco' from project 'pleaco')
    cd /Users/letzgo/Nextcloud/code/pleaco
    write-file /Users/letzgo/Library/Developer/Xcode/DerivedData/pleaco-bvtpxeibsmbrxuhijmrefslxjupp/Build/Intermediates.noindex/pleaco.build/Debug/pleaco.build/Objects-normal/arm64/pleaco.SwiftConstValuesFileList

WriteAuxiliaryFile /Users/letzgo/Library/Developer/Xcode/DerivedData/pleaco-bvtpxeibsmbrxuhijmrefslxjupp/Build/Intermediates.noindex/pleaco.build/Debug/pleaco.build/Objects-normal/arm64/pleaco-OutputFileMap.json (in target 'pleaco' from project 'pleaco')
    cd /Users/letzgo/Nextcloud/code/pleaco
    write-file /Users/letzgo/Library/Developer/Xcode/DerivedData/pleaco-bvtpxeibsmbrxuhijmrefslxjupp/Build/Intermediates.noindex/pleaco.build/Debug/pleaco.build/Objects-normal/arm64/pleaco-OutputFileMap.json

MkDir /Users/letzgo/Library/Developer/Xcode/DerivedData/pleaco-bvtpxeibsmbrxuhijmrefslxjupp/Build/Products/Debug/pleaco.app (in target 'pleaco' from project 'pleaco')
    cd /Users/letzgo/Nextcloud/code/pleaco
    /bin/mkdir -p /Users/letzgo/Library/Developer/Xcode/DerivedData/pleaco-bvtpxeibsmbrxuhijmrefslxjupp/Build/Products/Debug/pleaco.app

WriteAuxiliaryFile /Users/letzgo/Library/Developer/Xcode/DerivedData/pleaco-bvtpxeibsmbrxuhijmrefslxjupp/Build/Intermediates.noindex/pleaco.build/Debug/pleaco.build/DerivedSources/Entitlements.plist (in target 'pleaco' from project 'pleaco')
    cd /Users/letzgo/Nextcloud/code/pleaco
    write-file /Users/letzgo/Library/Developer/Xcode/DerivedData/pleaco-bvtpxeibsmbrxuhijmrefslxjupp/Build/Intermediates.noindex/pleaco.build/Debug/pleaco.build/DerivedSources/Entitlements.plist

MkDir /Users/letzgo/Library/Developer/Xcode/DerivedData/pleaco-bvtpxeibsmbrxuhijmrefslxjupp/Build/Products/Debug/pleaco.app/Contents (in target 'pleaco' from project 'pleaco')
    cd /Users/letzgo/Nextcloud/code/pleaco
    /bin/mkdir -p /Users/letzgo/Library/Developer/Xcode/DerivedData/pleaco-bvtpxeibsmbrxuhijmrefslxjupp/Build/Products/Debug/pleaco.app/Contents

MkDir /Users/letzgo/Library/Developer/Xcode/DerivedData/pleaco-bvtpxeibsmbrxuhijmrefslxjupp/Build/Products/Debug/pleaco.app/Contents/MacOS (in target 'pleaco' from project 'pleaco')
    cd /Users/letzgo/Nextcloud/code/pleaco
    /bin/mkdir -p /Users/letzgo/Library/Developer/Xcode/DerivedData/pleaco-bvtpxeibsmbrxuhijmrefslxjupp/Build/Products/Debug/pleaco.app/Contents/MacOS

MkDir /Users/letzgo/Library/Developer/Xcode/DerivedData/pleaco-bvtpxeibsmbrxuhijmrefslxjupp/Build/Products/Debug/pleaco.app/Contents/Resources (in target 'pleaco' from project 'pleaco')
    cd /Users/letzgo/Nextcloud/code/pleaco
    /bin/mkdir -p /Users/letzgo/Library/Developer/Xcode/DerivedData/pleaco-bvtpxeibsmbrxuhijmrefslxjupp/Build/Products/Debug/pleaco.app/Contents/Resources

ProcessProductPackaging "" /Users/letzgo/Library/Developer/Xcode/DerivedData/pleaco-bvtpxeibsmbrxuhijmrefslxjupp/Build/Intermediates.noindex/pleaco.build/Debug/pleaco.build/pleaco.app.xcent (in target 'pleaco' from project 'pleaco')
    cd /Users/letzgo/Nextcloud/code/pleaco
    
    Entitlements:
    
    {
    "com.apple.security.app-sandbox" = 1;
    "com.apple.security.files.user-selected.read-only" = 1;
    "com.apple.security.get-task-allow" = 1;
}
    
    builtin-productPackagingUtility -entitlements -format xml -o /Users/letzgo/Library/Developer/Xcode/DerivedData/pleaco-bvtpxeibsmbrxuhijmrefslxjupp/Build/Intermediates.noindex/pleaco.build/Debug/pleaco.build/pleaco.app.xcent

ProcessProductPackagingDER /Users/letzgo/Library/Developer/Xcode/DerivedData/pleaco-bvtpxeibsmbrxuhijmrefslxjupp/Build/Intermediates.noindex/pleaco.build/Debug/pleaco.build/pleaco.app.xcent /Users/letzgo/Library/Developer/Xcode/DerivedData/pleaco-bvtpxeibsmbrxuhijmrefslxjupp/Build/Intermediates.noindex/pleaco.build/Debug/pleaco.build/pleaco.app.xcent.der (in target 'pleaco' from project 'pleaco')
    cd /Users/letzgo/Nextcloud/code/pleaco
    /usr/bin/derq query -f xml -i /Users/letzgo/Library/Developer/Xcode/DerivedData/pleaco-bvtpxeibsmbrxuhijmrefslxjupp/Build/Intermediates.noindex/pleaco.build/Debug/pleaco.build/pleaco.app.xcent -o /Users/letzgo/Library/Developer/Xcode/DerivedData/pleaco-bvtpxeibsmbrxuhijmrefslxjupp/Build/Intermediates.noindex/pleaco.build/Debug/pleaco.build/pleaco.app.xcent.der --raw

Ld /Users/letzgo/Library/Developer/Xcode/DerivedData/pleaco-bvtpxeibsmbrxuhijmrefslxjupp/Build/Products/Debug/pleaco.app/Contents/MacOS/__preview.dylib normal (in target 'pleaco' from project 'pleaco')
    cd /Users/letzgo/Nextcloud/code/pleaco
    /Applications/Xcode.app/Contents/Developer/Toolchains/XcodeDefault.xctoolchain/usr/bin/clang -Xlinker -reproducible -target arm64-apple-macos26.2 -dynamiclib -isysroot /Applications/Xcode.app/Contents/Developer/Platforms/MacOSX.platform/Developer/SDKs/MacOSX26.2.sdk -O0 -L/Users/letzgo/Library/Developer/Xcode/DerivedData/pleaco-bvtpxeibsmbrxuhijmrefslxjupp/Build/Products/Debug -F/Users/letzgo/Library/Developer/Xcode/DerivedData/pleaco-bvtpxeibsmbrxuhijmrefslxjupp/Build/Products/Debug -install_name @rpath/pleaco.debug.dylib -rdynamic -Xlinker -no_deduplicate -Xlinker -dependency_info -Xlinker /Users/letzgo/Library/Developer/Xcode/DerivedData/pleaco-bvtpxeibsmbrxuhijmrefslxjupp/Build/Intermediates.noindex/pleaco.build/Debug/pleaco.build/Objects-normal/arm64/pleaco_dependency_info.dat -Xlinker -no_adhoc_codesign -o /Users/letzgo/Library/Developer/Xcode/DerivedData/pleaco-bvtpxeibsmbrxuhijmrefslxjupp/Build/Products/Debug/pleaco.app/Contents/MacOS/__preview.dylib

GenerateAssetSymbols /Users/letzgo/Nextcloud/code/pleaco/pleaco/Assets.xcassets (in target 'pleaco' from project 'pleaco')
    cd /Users/letzgo/Nextcloud/code/pleaco
    /Applications/Xcode.app/Contents/Developer/usr/bin/actool /Users/letzgo/Nextcloud/code/pleaco/pleaco/Assets.xcassets --compile /Users/letzgo/Library/Developer/Xcode/DerivedData/pleaco-bvtpxeibsmbrxuhijmrefslxjupp/Build/Products/Debug/pleaco.app/Contents/Resources --output-format human-readable-text --notices --warnings --export-dependency-info /Users/letzgo/Library/Developer/Xcode/DerivedData/pleaco-bvtpxeibsmbrxuhijmrefslxjupp/Build/Intermediates.noindex/pleaco.build/Debug/pleaco.build/assetcatalog_dependencies --output-partial-info-plist /Users/letzgo/Library/Developer/Xcode/DerivedData/pleaco-bvtpxeibsmbrxuhijmrefslxjupp/Build/Intermediates.noindex/pleaco.build/Debug/pleaco.build/assetcatalog_generated_info.plist --app-icon AppIcon --accent-color AccentColor --enable-on-demand-resources NO --development-region en --target-device mac --minimum-deployment-target 26.2 --platform macosx --bundle-identifier de.letzgo.pleaco --generate-swift-asset-symbols /Users/letzgo/Library/Developer/Xcode/DerivedData/pleaco-bvtpxeibsmbrxuhijmrefslxjupp/Build/Intermediates.noindex/pleaco.build/Debug/pleaco.build/DerivedSources/GeneratedAssetSymbols.swift --generate-objc-asset-symbols /Users/letzgo/Library/Developer/Xcode/DerivedData/pleaco-bvtpxeibsmbrxuhijmrefslxjupp/Build/Intermediates.noindex/pleaco.build/Debug/pleaco.build/DerivedSources/GeneratedAssetSymbols.h --generate-asset-symbol-index /Users/letzgo/Library/Developer/Xcode/DerivedData/pleaco-bvtpxeibsmbrxuhijmrefslxjupp/Build/Intermediates.noindex/pleaco.build/Debug/pleaco.build/DerivedSources/GeneratedAssetSymbols-Index.plist
/* com.apple.actool.compilation-results */
/Users/letzgo/Library/Developer/Xcode/DerivedData/pleaco-bvtpxeibsmbrxuhijmrefslxjupp/Build/Intermediates.noindex/pleaco.build/Debug/pleaco.build/DerivedSources/GeneratedAssetSymbols-Index.plist
/Users/letzgo/Library/Developer/Xcode/DerivedData/pleaco-bvtpxeibsmbrxuhijmrefslxjupp/Build/Intermediates.noindex/pleaco.build/Debug/pleaco.build/DerivedSources/GeneratedAssetSymbols.h
/Users/letzgo/Library/Developer/Xcode/DerivedData/pleaco-bvtpxeibsmbrxuhijmrefslxjupp/Build/Intermediates.noindex/pleaco.build/Debug/pleaco.build/DerivedSources/GeneratedAssetSymbols.swift


MkDir /Users/letzgo/Library/Developer/Xcode/DerivedData/pleaco-bvtpxeibsmbrxuhijmrefslxjupp/Build/Intermediates.noindex/pleaco.build/Debug/pleaco.build/assetcatalog_output/thinned (in target 'pleaco' from project 'pleaco')
    cd /Users/letzgo/Nextcloud/code/pleaco
    /bin/mkdir -p /Users/letzgo/Library/Developer/Xcode/DerivedData/pleaco-bvtpxeibsmbrxuhijmrefslxjupp/Build/Intermediates.noindex/pleaco.build/Debug/pleaco.build/assetcatalog_output/thinned

MkDir /Users/letzgo/Library/Developer/Xcode/DerivedData/pleaco-bvtpxeibsmbrxuhijmrefslxjupp/Build/Intermediates.noindex/pleaco.build/Debug/pleaco.build/assetcatalog_output/unthinned (in target 'pleaco' from project 'pleaco')
    cd /Users/letzgo/Nextcloud/code/pleaco
    /bin/mkdir -p /Users/letzgo/Library/Developer/Xcode/DerivedData/pleaco-bvtpxeibsmbrxuhijmrefslxjupp/Build/Intermediates.noindex/pleaco.build/Debug/pleaco.build/assetcatalog_output/unthinned

CompileAssetCatalogVariant thinned /Users/letzgo/Library/Developer/Xcode/DerivedData/pleaco-bvtpxeibsmbrxuhijmrefslxjupp/Build/Products/Debug/pleaco.app/Contents/Resources /Users/letzgo/Nextcloud/code/pleaco/pleaco/Assets.xcassets (in target 'pleaco' from project 'pleaco')
    cd /Users/letzgo/Nextcloud/code/pleaco
    /Applications/Xcode.app/Contents/Developer/usr/bin/actool /Users/letzgo/Nextcloud/code/pleaco/pleaco/Assets.xcassets --compile /Users/letzgo/Library/Developer/Xcode/DerivedData/pleaco-bvtpxeibsmbrxuhijmrefslxjupp/Build/Intermediates.noindex/pleaco.build/Debug/pleaco.build/assetcatalog_output/thinned --output-format human-readable-text --notices --warnings --export-dependency-info /Users/letzgo/Library/Developer/Xcode/DerivedData/pleaco-bvtpxeibsmbrxuhijmrefslxjupp/Build/Intermediates.noindex/pleaco.build/Debug/pleaco.build/assetcatalog_dependencies_thinned --output-partial-info-plist /Users/letzgo/Library/Developer/Xcode/DerivedData/pleaco-bvtpxeibsmbrxuhijmrefslxjupp/Build/Intermediates.noindex/pleaco.build/Debug/pleaco.build/assetcatalog_generated_info.plist_thinned --app-icon AppIcon --accent-color AccentColor --enable-on-demand-resources NO --development-region en --target-device mac --minimum-deployment-target 26.2 --platform macosx
/* com.apple.actool.compilation-results */
/Users/letzgo/Library/Developer/Xcode/DerivedData/pleaco-bvtpxeibsmbrxuhijmrefslxjupp/Build/Intermediates.noindex/pleaco.build/Debug/pleaco.build/assetcatalog_generated_info.plist_thinned
/Users/letzgo/Library/Developer/Xcode/DerivedData/pleaco-bvtpxeibsmbrxuhijmrefslxjupp/Build/Intermediates.noindex/pleaco.build/Debug/pleaco.build/assetcatalog_output/thinned/Assets.car


SwiftDriver pleaco normal arm64 com.apple.xcode.tools.swift.compiler (in target 'pleaco' from project 'pleaco')
    cd /Users/letzgo/Nextcloud/code/pleaco
    builtin-SwiftDriver -- /Applications/Xcode.app/Contents/Developer/Toolchains/XcodeDefault.xctoolchain/usr/bin/swiftc -module-name pleaco -Onone -enforce-exclusivity\=checked @/Users/letzgo/Library/Developer/Xcode/DerivedData/pleaco-bvtpxeibsmbrxuhijmrefslxjupp/Build/Intermediates.noindex/pleaco.build/Debug/pleaco.build/Objects-normal/arm64/pleaco.SwiftFileList -DDEBUG -default-isolation\=MainActor -enable-bare-slash-regex -enable-upcoming-feature DisableOutwardActorInference -enable-upcoming-feature InferSendableFromCaptures -enable-upcoming-feature GlobalActorIsolatedTypesUsability -enable-upcoming-feature MemberImportVisibility -enable-upcoming-feature InferIsolatedConformances -enable-upcoming-feature NonisolatedNonsendingByDefault -enable-experimental-feature DebugDescriptionMacro -sdk /Applications/Xcode.app/Contents/Developer/Platforms/MacOSX.platform/Developer/SDKs/MacOSX26.2.sdk -target arm64-apple-macos26.2 -g -module-cache-path /Users/letzgo/Library/Developer/Xcode/DerivedData/ModuleCache.noindex -Xfrontend -serialize-debugging-options -enable-testing -index-store-path /Users/letzgo/Library/Developer/Xcode/DerivedData/pleaco-bvtpxeibsmbrxuhijmrefslxjupp/Index.noindex/DataStore -Xcc -D_LIBCPP_HARDENING_MODE\=_LIBCPP_HARDENING_MODE_DEBUG -swift-version 5 -I /Users/letzgo/Library/Developer/Xcode/DerivedData/pleaco-bvtpxeibsmbrxuhijmrefslxjupp/Build/Products/Debug -F /Users/letzgo/Library/Developer/Xcode/DerivedData/pleaco-bvtpxeibsmbrxuhijmrefslxjupp/Build/Products/Debug -emit-localized-strings -emit-localized-strings-path /Users/letzgo/Library/Developer/Xcode/DerivedData/pleaco-bvtpxeibsmbrxuhijmrefslxjupp/Build/Intermediates.noindex/pleaco.build/Debug/pleaco.build/Objects-normal/arm64 -c -j12 -enable-batch-mode -incremental -Xcc -ivfsstatcache -Xcc /Users/letzgo/Library/Developer/Xcode/DerivedData/SDKStatCaches.noindex/macosx26.2-25C58-00fa09913b459cbbc988d1f6730289ae.sdkstatcache -output-file-map /Users/letzgo/Library/Developer/Xcode/DerivedData/pleaco-bvtpxeibsmbrxuhijmrefslxjupp/Build/Intermediates.noindex/pleaco.build/Debug/pleaco.build/Objects-normal/arm64/pleaco-OutputFileMap.json -use-frontend-parseable-output -save-temps -no-color-diagnostics -explicit-module-build -module-cache-path /Users/letzgo/Library/Developer/Xcode/DerivedData/pleaco-bvtpxeibsmbrxuhijmrefslxjupp/Build/Intermediates.noindex/SwiftExplicitPrecompiledModules -clang-scanner-module-cache-path /Users/letzgo/Library/Developer/Xcode/DerivedData/ModuleCache.noindex -sdk-module-cache-path /Users/letzgo/Library/Developer/Xcode/DerivedData/ModuleCache.noindex -serialize-diagnostics -emit-dependencies -emit-module -emit-module-path /Users/letzgo/Library/Developer/Xcode/DerivedData/pleaco-bvtpxeibsmbrxuhijmrefslxjupp/Build/Intermediates.noindex/pleaco.build/Debug/pleaco.build/Objects-normal/arm64/pleaco.swiftmodule -validate-clang-modules-once -clang-build-session-file /Users/letzgo/Library/Developer/Xcode/DerivedData/ModuleCache.noindex/Session.modulevalidation -Xcc -I/Users/letzgo/Library/Developer/Xcode/DerivedData/pleaco-bvtpxeibsmbrxuhijmrefslxjupp/Build/Intermediates.noindex/pleaco.build/Debug/pleaco.build/swift-overrides.hmap -emit-const-values -Xfrontend -const-gather-protocols-file -Xfrontend /Users/letzgo/Library/Developer/Xcode/DerivedData/pleaco-bvtpxeibsmbrxuhijmrefslxjupp/Build/Intermediates.noindex/pleaco.build/Debug/pleaco.build/Objects-normal/arm64/pleaco_const_extract_protocols.json -Xcc -iquote -Xcc /Users/letzgo/Library/Developer/Xcode/DerivedData/pleaco-bvtpxeibsmbrxuhijmrefslxjupp/Build/Intermediates.noindex/pleaco.build/Debug/pleaco.build/pleaco-generated-files.hmap -Xcc -I/Users/letzgo/Library/Developer/Xcode/DerivedData/pleaco-bvtpxeibsmbrxuhijmrefslxjupp/Build/Intermediates.noindex/pleaco.build/Debug/pleaco.build/pleaco-own-target-headers.hmap -Xcc -I/Users/letzgo/Library/Developer/Xcode/DerivedData/pleaco-bvtpxeibsmbrxuhijmrefslxjupp/Build/Intermediates.noindex/pleaco.build/Debug/pleaco.build/pleaco-all-target-headers.hmap -Xcc -iquote -Xcc /Users/letzgo/Library/Developer/Xcode/DerivedData/pleaco-bvtpxeibsmbrxuhijmrefslxjupp/Build/Intermediates.noindex/pleaco.build/Debug/pleaco.build/pleaco-project-headers.hmap -Xcc -I/Users/letzgo/Library/Developer/Xcode/DerivedData/pleaco-bvtpxeibsmbrxuhijmrefslxjupp/Build/Products/Debug/include -Xcc -I/Users/letzgo/Library/Developer/Xcode/DerivedData/pleaco-bvtpxeibsmbrxuhijmrefslxjupp/Build/Intermediates.noindex/pleaco.build/Debug/pleaco.build/DerivedSources-normal/arm64 -Xcc -I/Users/letzgo/Library/Developer/Xcode/DerivedData/pleaco-bvtpxeibsmbrxuhijmrefslxjupp/Build/Intermediates.noindex/pleaco.build/Debug/pleaco.build/DerivedSources/arm64 -Xcc -I/Users/letzgo/Library/Developer/Xcode/DerivedData/pleaco-bvtpxeibsmbrxuhijmrefslxjupp/Build/Intermediates.noindex/pleaco.build/Debug/pleaco.build/DerivedSources -Xcc -DDEBUG\=1 -emit-objc-header -emit-objc-header-path /Users/letzgo/Library/Developer/Xcode/DerivedData/pleaco-bvtpxeibsmbrxuhijmrefslxjupp/Build/Intermediates.noindex/pleaco.build/Debug/pleaco.build/Objects-normal/arm64/pleaco-Swift.h -working-directory /Users/letzgo/Nextcloud/code/pleaco -experimental-emit-module-separately -disable-cmo

LinkAssetCatalog /Users/letzgo/Nextcloud/code/pleaco/pleaco/Assets.xcassets (in target 'pleaco' from project 'pleaco')
    cd /Users/letzgo/Nextcloud/code/pleaco
    builtin-linkAssetCatalog --thinned /Users/letzgo/Library/Developer/Xcode/DerivedData/pleaco-bvtpxeibsmbrxuhijmrefslxjupp/Build/Intermediates.noindex/pleaco.build/Debug/pleaco.build/assetcatalog_output/thinned --thinned-dependencies /Users/letzgo/Library/Developer/Xcode/DerivedData/pleaco-bvtpxeibsmbrxuhijmrefslxjupp/Build/Intermediates.noindex/pleaco.build/Debug/pleaco.build/assetcatalog_dependencies_thinned --thinned-info-plist-content /Users/letzgo/Library/Developer/Xcode/DerivedData/pleaco-bvtpxeibsmbrxuhijmrefslxjupp/Build/Intermediates.noindex/pleaco.build/Debug/pleaco.build/assetcatalog_generated_info.plist_thinned --unthinned /Users/letzgo/Library/Developer/Xcode/DerivedData/pleaco-bvtpxeibsmbrxuhijmrefslxjupp/Build/Intermediates.noindex/pleaco.build/Debug/pleaco.build/assetcatalog_output/unthinned --unthinned-dependencies /Users/letzgo/Library/Developer/Xcode/DerivedData/pleaco-bvtpxeibsmbrxuhijmrefslxjupp/Build/Intermediates.noindex/pleaco.build/Debug/pleaco.build/assetcatalog_dependencies_unthinned --unthinned-info-plist-content /Users/letzgo/Library/Developer/Xcode/DerivedData/pleaco-bvtpxeibsmbrxuhijmrefslxjupp/Build/Intermediates.noindex/pleaco.build/Debug/pleaco.build/assetcatalog_generated_info.plist_unthinned --output /Users/letzgo/Library/Developer/Xcode/DerivedData/pleaco-bvtpxeibsmbrxuhijmrefslxjupp/Build/Products/Debug/pleaco.app/Contents/Resources --plist-output /Users/letzgo/Library/Developer/Xcode/DerivedData/pleaco-bvtpxeibsmbrxuhijmrefslxjupp/Build/Intermediates.noindex/pleaco.build/Debug/pleaco.build/assetcatalog_generated_info.plist
note: Emplaced /Users/letzgo/Library/Developer/Xcode/DerivedData/pleaco-bvtpxeibsmbrxuhijmrefslxjupp/Build/Products/Debug/pleaco.app/Contents/Resources/Assets.car (in target 'pleaco' from project 'pleaco')

ProcessInfoPlistFile /Users/letzgo/Library/Developer/Xcode/DerivedData/pleaco-bvtpxeibsmbrxuhijmrefslxjupp/Build/Products/Debug/pleaco.app/Contents/Info.plist /Users/letzgo/Library/Developer/Xcode/DerivedData/pleaco-bvtpxeibsmbrxuhijmrefslxjupp/Build/Intermediates.noindex/pleaco.build/Debug/pleaco.build/empty-pleaco.plist (in target 'pleaco' from project 'pleaco')
    cd /Users/letzgo/Nextcloud/code/pleaco
    builtin-infoPlistUtility /Users/letzgo/Library/Developer/Xcode/DerivedData/pleaco-bvtpxeibsmbrxuhijmrefslxjupp/Build/Intermediates.noindex/pleaco.build/Debug/pleaco.build/empty-pleaco.plist -producttype com.apple.product-type.application -genpkginfo /Users/letzgo/Library/Developer/Xcode/DerivedData/pleaco-bvtpxeibsmbrxuhijmrefslxjupp/Build/Products/Debug/pleaco.app/Contents/PkgInfo -expandbuildsettings -platform macosx -additionalcontentfile /Users/letzgo/Library/Developer/Xcode/DerivedData/pleaco-bvtpxeibsmbrxuhijmrefslxjupp/Build/Intermediates.noindex/pleaco.build/Debug/pleaco.build/assetcatalog_generated_info.plist -o /Users/letzgo/Library/Developer/Xcode/DerivedData/pleaco-bvtpxeibsmbrxuhijmrefslxjupp/Build/Products/Debug/pleaco.app/Contents/Info.plist

SwiftExplicitDependencyGeneratePcm arm64 /Users/letzgo/Library/Developer/Xcode/DerivedData/ModuleCache.noindex/CoreBluetooth-CTXFX87RAS1EFAVFLJVCUX4UK.pcm

SwiftEmitModule normal arm64 Emitting\ module\ for\ pleaco (in target 'pleaco' from project 'pleaco')

EmitSwiftModule normal arm64 (in target 'pleaco' from project 'pleaco')
    cd /Users/letzgo/Nextcloud/code/pleaco
    

SwiftCompile normal arm64 Compiling\ CustomTopBar.swift,\ PlayerCard.swift /Users/letzgo/Nextcloud/code/pleaco/pleaco/Views/Components/CustomTopBar.swift /Users/letzgo/Nextcloud/code/pleaco/pleaco/Views/Components/PlayerCard.swift (in target 'pleaco' from project 'pleaco')
Failed frontend command:
/Applications/Xcode.app/Contents/Developer/Toolchains/XcodeDefault.xctoolchain/usr/bin/swift-frontend -frontend -c /Users/letzgo/Nextcloud/code/pleaco/pleaco/DeviceManagers/DeviceManager.swift /Users/letzgo/Nextcloud/code/pleaco/pleaco/Managers/AudioManager.swift /Users/letzgo/Nextcloud/code/pleaco/pleaco/Managers/ButtplugManager.swift /Users/letzgo/Nextcloud/code/pleaco/pleaco/Managers/HandyManager.swift /Users/letzgo/Nextcloud/code/pleaco/pleaco/Managers/HapticManager.swift /Users/letzgo/Nextcloud/code/pleaco/pleaco/Managers/LoveSpouseManager.swift /Users/letzgo/Nextcloud/code/pleaco/pleaco/Managers/OSSMManager.swift /Users/letzgo/Nextcloud/code/pleaco/pleaco/Managers/PatternEngine.swift /Users/letzgo/Nextcloud/code/pleaco/pleaco/Managers/RemoteManager.swift /Users/letzgo/Nextcloud/code/pleaco/pleaco/Managers/ThemeManager.swift /Users/letzgo/Nextcloud/code/pleaco/pleaco/Models/FunScriptModels.swift /Users/letzgo/Nextcloud/code/pleaco/pleaco/Models/SavedAudioTrack.swift -primary-file /Users/letzgo/Nextcloud/code/pleaco/pleaco/Views/Components/CustomTopBar.swift -primary-file /Users/letzgo/Nextcloud/code/pleaco/pleaco/Views/Components/PlayerCard.swift /Users/letzgo/Nextcloud/code/pleaco/pleaco/Views/Components/UIComponents.swift /Users/letzgo/Nextcloud/code/pleaco/pleaco/Views/AudioView.swift /Users/letzgo/Nextcloud/code/pleaco/pleaco/Views/DevicesView.swift /Users/letzgo/Nextcloud/code/pleaco/pleaco/Views/LibraryView.swift /Users/letzgo/Nextcloud/code/pleaco/pleaco/Views/LoveSpouseControlView.swift /Users/letzgo/Nextcloud/code/pleaco/pleaco/Views/PlayerView.swift /Users/letzgo/Nextcloud/code/pleaco/pleaco/Views/RemoteView.swift /Users/letzgo/Nextcloud/code/pleaco/pleaco/ContentView.swift /Users/letzgo/Nextcloud/code/pleaco/pleaco/pleacoApp.swift /Users/letzgo/Library/Developer/Xcode/DerivedData/pleaco-bvtpxeibsmbrxuhijmrefslxjupp/Build/Intermediates.noindex/pleaco.build/Debug/pleaco.build/DerivedSources/GeneratedAssetSymbols.swift -emit-dependencies-path /Users/letzgo/Library/Developer/Xcode/DerivedData/pleaco-bvtpxeibsmbrxuhijmrefslxjupp/Build/Intermediates.noindex/pleaco.build/Debug/pleaco.build/Objects-normal/arm64/CustomTopBar.d -emit-const-values-path /Users/letzgo/Library/Developer/Xcode/DerivedData/pleaco-bvtpxeibsmbrxuhijmrefslxjupp/Build/Intermediates.noindex/pleaco.build/Debug/pleaco.build/Objects-normal/arm64/CustomTopBar.swiftconstvalues -emit-reference-dependencies-path /Users/letzgo/Library/Developer/Xcode/DerivedData/pleaco-bvtpxeibsmbrxuhijmrefslxjupp/Build/Intermediates.noindex/pleaco.build/Debug/pleaco.build/Objects-normal/arm64/CustomTopBar.swiftdeps -serialize-diagnostics-path /Users/letzgo/Library/Developer/Xcode/DerivedData/pleaco-bvtpxeibsmbrxuhijmrefslxjupp/Build/Intermediates.noindex/pleaco.build/Debug/pleaco.build/Objects-normal/arm64/CustomTopBar.dia -emit-dependencies-path /Users/letzgo/Library/Developer/Xcode/DerivedData/pleaco-bvtpxeibsmbrxuhijmrefslxjupp/Build/Intermediates.noindex/pleaco.build/Debug/pleaco.build/Objects-normal/arm64/PlayerCard.d -emit-const-values-path /Users/letzgo/Library/Developer/Xcode/DerivedData/pleaco-bvtpxeibsmbrxuhijmrefslxjupp/Build/Intermediates.noindex/pleaco.build/Debug/pleaco.build/Objects-normal/arm64/PlayerCard.swiftconstvalues -emit-reference-dependencies-path /Users/letzgo/Library/Developer/Xcode/DerivedData/pleaco-bvtpxeibsmbrxuhijmrefslxjupp/Build/Intermediates.noindex/pleaco.build/Debug/pleaco.build/Objects-normal/arm64/PlayerCard.swiftdeps -serialize-diagnostics-path /Users/letzgo/Library/Developer/Xcode/DerivedData/pleaco-bvtpxeibsmbrxuhijmrefslxjupp/Build/Intermediates.noindex/pleaco.build/Debug/pleaco.build/Objects-normal/arm64/PlayerCard.dia -emit-localized-strings -emit-localized-strings-path /Users/letzgo/Library/Developer/Xcode/DerivedData/pleaco-bvtpxeibsmbrxuhijmrefslxjupp/Build/Intermediates.noindex/pleaco.build/Debug/pleaco.build/Objects-normal/arm64 -target arm64-apple-macos26.2 -module-can-import-version AppKit 2685.30.107 2685.30.107 -module-can-import-version DeveloperToolsSupport 23.0.4 23.0.4 -module-can-import-version SwiftUI 7.2.5.1 7.2.5 -load-resolved-plugin /Applications/Xcode.app/Contents/Developer/Platforms/MacOSX.platform/Developer/usr/lib/swift/host/plugins/libFoundationMacros.dylib\#/Applications/Xcode.app/Contents/Developer/Platforms/MacOSX.platform/Developer/usr/bin/swift-plugin-server\#FoundationMacros -load-resolved-plugin /Applications/Xcode.app/Contents/Developer/Platforms/MacOSX.platform/Developer/usr/lib/swift/host/plugins/libObservationMacros.dylib\#/Applications/Xcode.app/Contents/Developer/Platforms/MacOSX.platform/Developer/usr/bin/swift-plugin-server\#ObservationMacros -load-resolved-plugin /Applications/Xcode.app/Contents/Developer/Platforms/MacOSX.platform/Developer/usr/lib/swift/host/plugins/libPreviewsMacros.dylib\#/Applications/Xcode.app/Contents/Developer/Platforms/MacOSX.platform/Developer/usr/bin/swift-plugin-server\#PreviewsMacros -load-resolved-plugin /Applications/Xcode.app/Contents/Developer/Platforms/MacOSX.platform/Developer/usr/lib/swift/host/plugins/libSwiftMacros.dylib\#/Applications/Xcode.app/Contents/Developer/Platforms/MacOSX.platform/Developer/usr/bin/swift-plugin-server\#SwiftMacros -load-resolved-plugin /Applications/Xcode.app/Contents/Developer/Platforms/MacOSX.platform/Developer/usr/lib/swift/host/plugins/libSwiftUIMacros.dylib\#/Applications/Xcode.app/Contents/Developer/Platforms/MacOSX.platform/Developer/usr/bin/swift-plugin-server\#SwiftUIMacros -disable-implicit-swift-modules -Xcc -fno-implicit-modules -Xcc -fno-implicit-module-maps -explicit-swift-module-map-file /Users/letzgo/Library/Developer/Xcode/DerivedData/pleaco-bvtpxeibsmbrxuhijmrefslxjupp/Build/Intermediates.noindex/pleaco.build/Debug/pleaco.build/Objects-normal/arm64/pleaco-dependencies-1.json -Xllvm -aarch64-use-tbi -enable-objc-interop -stack-check -sdk /Applications/Xcode.app/Contents/Developer/Platforms/MacOSX.platform/Developer/SDKs/MacOSX26.2.sdk -I /Users/letzgo/Library/Developer/Xcode/DerivedData/pleaco-bvtpxeibsmbrxuhijmrefslxjupp/Build/Products/Debug -F /Users/letzgo/Library/Developer/Xcode/DerivedData/pleaco-bvtpxeibsmbrxuhijmrefslxjupp/Build/Products/Debug -no-color-diagnostics -Xcc -fno-color-diagnostics -enable-testing -g -debug-info-format\=dwarf -dwarf-version\=5 -module-cache-path /Users/letzgo/Library/Developer/Xcode/DerivedData/pleaco-bvtpxeibsmbrxuhijmrefslxjupp/Build/Intermediates.noindex/SwiftExplicitPrecompiledModules -swift-version 5 -enforce-exclusivity\=checked -Onone -D DEBUG -serialize-debugging-options -const-gather-protocols-file /Users/letzgo/Library/Developer/Xcode/DerivedData/pleaco-bvtpxeibsmbrxuhijmrefslxjupp/Build/Intermediates.noindex/pleaco.build/Debug/pleaco.build/Objects-normal/arm64/pleaco_const_extract_protocols.json -enable-upcoming-feature DisableOutwardActorInference -enable-upcoming-feature InferSendableFromCaptures -enable-upcoming-feature GlobalActorIsolatedTypesUsability -enable-upcoming-feature MemberImportVisibility -enable-upcoming-feature InferIsolatedConformances -enable-upcoming-feature NonisolatedNonsendingByDefault -enable-experimental-feature DebugDescriptionMacro -enable-bare-slash-regex -default-isolation\=MainActor -empty-abi-descriptor -validate-clang-modules-once -clang-build-session-file /Users/letzgo/Library/Developer/Xcode/DerivedData/ModuleCache.noindex/Session.modulevalidation -Xcc -working-directory -Xcc /Users/letzgo/Nextcloud/code/pleaco -enable-anonymous-context-mangled-names -file-compilation-dir /Users/letzgo/Nextcloud/code/pleaco -Xcc -D_LIBCPP_HARDENING_MODE\=_LIBCPP_HARDENING_MODE_DEBUG -Xcc -ivfsstatcache -Xcc /Users/letzgo/Library/Developer/Xcode/DerivedData/SDKStatCaches.noindex/macosx26.2-25C58-00fa09913b459cbbc988d1f6730289ae.sdkstatcache -Xcc -I/Users/letzgo/Library/Developer/Xcode/DerivedData/pleaco-bvtpxeibsmbrxuhijmrefslxjupp/Build/Intermediates.noindex/pleaco.build/Debug/pleaco.build/swift-overrides.hmap -Xcc -iquote -Xcc /Users/letzgo/Library/Developer/Xcode/DerivedData/pleaco-bvtpxeibsmbrxuhijmrefslxjupp/Build/Intermediates.noindex/pleaco.build/Debug/pleaco.build/pleaco-generated-files.hmap -Xcc -I/Users/letzgo/Library/Developer/Xcode/DerivedData/pleaco-bvtpxeibsmbrxuhijmrefslxjupp/Build/Intermediates.noindex/pleaco.build/Debug/pleaco.build/pleaco-own-target-headers.hmap -Xcc -I/Users/letzgo/Library/Developer/Xcode/DerivedData/pleaco-bvtpxeibsmbrxuhijmrefslxjupp/Build/Intermediates.noindex/pleaco.build/Debug/pleaco.build/pleaco-all-target-headers.hmap -Xcc -iquote -Xcc /Users/letzgo/Library/Developer/Xcode/DerivedData/pleaco-bvtpxeibsmbrxuhijmrefslxjupp/Build/Intermediates.noindex/pleaco.build/Debug/pleaco.build/pleaco-project-headers.hmap -Xcc -I/Users/letzgo/Library/Developer/Xcode/DerivedData/pleaco-bvtpxeibsmbrxuhijmrefslxjupp/Build/Products/Debug/include -Xcc -I/Users/letzgo/Library/Developer/Xcode/DerivedData/pleaco-bvtpxeibsmbrxuhijmrefslxjupp/Build/Intermediates.noindex/pleaco.build/Debug/pleaco.build/DerivedSources-normal/arm64 -Xcc -I/Users/letzgo/Library/Developer/Xcode/DerivedData/pleaco-bvtpxeibsmbrxuhijmrefslxjupp/Build/Intermediates.noindex/pleaco.build/Debug/pleaco.build/DerivedSources/arm64 -Xcc -I/Users/letzgo/Library/Developer/Xcode/DerivedData/pleaco-bvtpxeibsmbrxuhijmrefslxjupp/Build/Intermediates.noindex/pleaco.build/Debug/pleaco.build/DerivedSources -Xcc -DDEBUG\=1 -no-auto-bridging-header-chaining -module-name pleaco -frontend-parseable-output -disable-clang-spi -target-sdk-version 26.2 -target-sdk-name macosx26.2 -clang-target arm64-apple-macos26.2 -in-process-plugin-server-path /Applications/Xcode.app/Contents/Developer/Toolchains/XcodeDefault.xctoolchain/usr/lib/swift/host/libSwiftInProcPluginServer.dylib -o /Users/letzgo/Library/Developer/Xcode/DerivedData/pleaco-bvtpxeibsmbrxuhijmrefslxjupp/Build/Intermediates.noindex/pleaco.build/Debug/pleaco.build/Objects-normal/arm64/CustomTopBar.o -o /Users/letzgo/Library/Developer/Xcode/DerivedData/pleaco-bvtpxeibsmbrxuhijmrefslxjupp/Build/Intermediates.noindex/pleaco.build/Debug/pleaco.build/Objects-normal/arm64/PlayerCard.o -index-unit-output-path /pleaco.build/Debug/pleaco.build/Objects-normal/arm64/CustomTopBar.o -index-unit-output-path /pleaco.build/Debug/pleaco.build/Objects-normal/arm64/PlayerCard.o -index-store-path /Users/letzgo/Library/Developer/Xcode/DerivedData/pleaco-bvtpxeibsmbrxuhijmrefslxjupp/Index.noindex/DataStore -index-system-modules

SwiftCompile normal arm64 /Users/letzgo/Nextcloud/code/pleaco/pleaco/Views/Components/CustomTopBar.swift (in target 'pleaco' from project 'pleaco')
    cd /Users/letzgo/Nextcloud/code/pleaco
    
/Users/letzgo/Nextcloud/code/pleaco/pleaco/Managers/ThemeManager.swift:25:48: error: cannot find 'UIColor' in scope
    static let surfacePrimary = Color(uiColor: UIColor { trait in
                                               ^~~~~~~
/Users/letzgo/Nextcloud/code/pleaco/pleaco/Managers/ThemeManager.swift:27:15: error: cannot find 'UIColor' in scope
            ? UIColor(red: 0.07, green: 0.05, blue: 0.07, alpha: 1)   // deep warm dark
              ^~~~~~~
/Users/letzgo/Nextcloud/code/pleaco/pleaco/Managers/ThemeManager.swift:28:15: error: cannot find 'UIColor' in scope
            : UIColor(red: 0.985, green: 0.972, blue: 0.978, alpha: 1) // warm off-white
              ^~~~~~~
/Users/letzgo/Nextcloud/code/pleaco/pleaco/Managers/ThemeManager.swift:25:33: error: no exact matches in call to initializer 
    static let surfacePrimary = Color(uiColor: UIColor { trait in
                                ^
SwiftUI.Color.init:2:8: note: incorrect labels for candidate (have: '(uiColor:)', expected: '(_:)')
public init(_ resolved: Color.Resolved)}
       ^
SwiftUI.Color.init:2:8: note: incorrect labels for candidate (have: '(uiColor:)', expected: '(_:)')
public init(_ resolved: Color.ResolvedHDR)}
       ^
SwiftUI.Color.init:2:8: note: incorrect labels for candidate (have: '(uiColor:)', expected: '(_:)')
public init(_ cgColor: CGColor)}
       ^
SwiftUI.Color.init:2:8: note: incorrect labels for candidate (have: '(uiColor:)', expected: '(_:)')
public init(_ name: String, bundle: Bundle? = nil)}
       ^
SwiftUI.Color.init:2:8: note: incorrect labels for candidate (have: '(uiColor:)', expected: '(_:)')
public init(_ resource: ColorResource)}
       ^
/Users/letzgo/Nextcloud/code/pleaco/pleaco/Managers/ThemeManager.swift:43:46: error: cannot find 'UIColor' in scope
    static let subtleBorder = Color(uiColor: UIColor { trait in
                                             ^~~~~~~
/Users/letzgo/Nextcloud/code/pleaco/pleaco/Managers/ThemeManager.swift:45:15: error: cannot find 'UIColor' in scope
            ? UIColor(red: 0.28, green: 0.20, blue: 0.25, alpha: 1)   // warm mauve border
              ^~~~~~~
/Users/letzgo/Nextcloud/code/pleaco/pleaco/Managers/ThemeManager.swift:46:15: error: cannot find 'UIColor' in scope
            : UIColor(red: 0.82, green: 0.72, blue: 0.78, alpha: 0.5)
              ^~~~~~~
/Users/letzgo/Nextcloud/code/pleaco/pleaco/Managers/ThemeManager.swift:43:31: error: no exact matches in call to initializer 
    static let subtleBorder = Color(uiColor: UIColor { trait in
                              ^
SwiftUI.Color.init:2:8: note: incorrect labels for candidate (have: '(uiColor:)', expected: '(_:)')
public init(_ resolved: Color.Resolved)}
       ^
SwiftUI.Color.init:2:8: note: incorrect labels for candidate (have: '(uiColor:)', expected: '(_:)')
public init(_ resolved: Color.ResolvedHDR)}
       ^
SwiftUI.Color.init:2:8: note: incorrect labels for candidate (have: '(uiColor:)', expected: '(_:)')
public init(_ cgColor: CGColor)}
       ^
SwiftUI.Color.init:2:8: note: incorrect labels for candidate (have: '(uiColor:)', expected: '(_:)')
public init(_ name: String, bundle: Bundle? = nil)}
       ^
SwiftUI.Color.init:2:8: note: incorrect labels for candidate (have: '(uiColor:)', expected: '(_:)')
public init(_ resource: ColorResource)}
       ^
/Users/letzgo/Nextcloud/code/pleaco/pleaco/Views/Components/CustomTopBar.swift:44:66: error: cannot infer contextual base in reference to member 'top'
        .background(Color.surfacePrimary.ignoresSafeArea(edges: .top))
                                                                ~^~~

SwiftCompile normal arm64 /Users/letzgo/Nextcloud/code/pleaco/pleaco/Views/Components/PlayerCard.swift (in target 'pleaco' from project 'pleaco')
    cd /Users/letzgo/Nextcloud/code/pleaco
    
/Users/letzgo/Nextcloud/code/pleaco/pleaco/Views/Components/UIComponents.swift:246:51: error: cannot find type 'UIRectCorner' in scope
    func cornerRadius(_ radius: CGFloat, corners: UIRectCorner) -> some View {
                                                  ^~~~~~~~~~~~

SwiftCompile normal arm64 Compiling\ LoveSpouseControlView.swift,\ PlayerView.swift /Users/letzgo/Nextcloud/code/pleaco/pleaco/Views/LoveSpouseControlView.swift /Users/letzgo/Nextcloud/code/pleaco/pleaco/Views/PlayerView.swift (in target 'pleaco' from project 'pleaco')

SwiftCompile normal arm64 /Users/letzgo/Nextcloud/code/pleaco/pleaco/Views/LoveSpouseControlView.swift (in target 'pleaco' from project 'pleaco')
    cd /Users/letzgo/Nextcloud/code/pleaco
    

SwiftCompile normal arm64 /Users/letzgo/Nextcloud/code/pleaco/pleaco/Views/PlayerView.swift (in target 'pleaco' from project 'pleaco')
    cd /Users/letzgo/Nextcloud/code/pleaco
    

SwiftCompile normal arm64 Compiling\ RemoteView.swift,\ ContentView.swift /Users/letzgo/Nextcloud/code/pleaco/pleaco/Views/RemoteView.swift /Users/letzgo/Nextcloud/code/pleaco/pleaco/ContentView.swift (in target 'pleaco' from project 'pleaco')
SwiftCompile normal arm64 /Users/letzgo/Nextcloud/code/pleaco/pleaco/Views/RemoteView.swift (in target 'pleaco' from project 'pleaco')
    cd /Users/letzgo/Nextcloud/code/pleaco
    

SwiftCompile normal arm64 /Users/letzgo/Nextcloud/code/pleaco/pleaco/ContentView.swift (in target 'pleaco' from project 'pleaco')
    cd /Users/letzgo/Nextcloud/code/pleaco
    

SwiftCompile normal arm64 Compiling\ DevicesView.swift,\ LibraryView.swift /Users/letzgo/Nextcloud/code/pleaco/pleaco/Views/DevicesView.swift /Users/letzgo/Nextcloud/code/pleaco/pleaco/Views/LibraryView.swift (in target 'pleaco' from project 'pleaco')
SwiftCompile normal arm64 /Users/letzgo/Nextcloud/code/pleaco/pleaco/Views/DevicesView.swift (in target 'pleaco' from project 'pleaco')
    cd /Users/letzgo/Nextcloud/code/pleaco
    

SwiftCompile normal arm64 /Users/letzgo/Nextcloud/code/pleaco/pleaco/Views/LibraryView.swift (in target 'pleaco' from project 'pleaco')
    cd /Users/letzgo/Nextcloud/code/pleaco
    

SwiftCompile normal arm64 Compiling\ ButtplugManager.swift,\ HandyManager.swift /Users/letzgo/Nextcloud/code/pleaco/pleaco/Managers/ButtplugManager.swift /Users/letzgo/Nextcloud/code/pleaco/pleaco/Managers/HandyManager.swift (in target 'pleaco' from project 'pleaco')

SwiftCompile normal arm64 /Users/letzgo/Nextcloud/code/pleaco/pleaco/Managers/ButtplugManager.swift (in target 'pleaco' from project 'pleaco')
    cd /Users/letzgo/Nextcloud/code/pleaco
    

SwiftCompile normal arm64 /Users/letzgo/Nextcloud/code/pleaco/pleaco/Managers/HandyManager.swift (in target 'pleaco' from project 'pleaco')
    cd /Users/letzgo/Nextcloud/code/pleaco
    

SwiftCompile normal arm64 Compiling\ UIComponents.swift,\ AudioView.swift /Users/letzgo/Nextcloud/code/pleaco/pleaco/Views/Components/UIComponents.swift /Users/letzgo/Nextcloud/code/pleaco/pleaco/Views/AudioView.swift (in target 'pleaco' from project 'pleaco')

SwiftCompile normal arm64 /Users/letzgo/Nextcloud/code/pleaco/pleaco/Views/Components/UIComponents.swift (in target 'pleaco' from project 'pleaco')
    cd /Users/letzgo/Nextcloud/code/pleaco
    

SwiftCompile normal arm64 /Users/letzgo/Nextcloud/code/pleaco/pleaco/Views/AudioView.swift (in target 'pleaco' from project 'pleaco')
    cd /Users/letzgo/Nextcloud/code/pleaco
    

SwiftCompile normal arm64 Compiling\ DeviceManager.swift,\ AudioManager.swift /Users/letzgo/Nextcloud/code/pleaco/pleaco/DeviceManagers/DeviceManager.swift /Users/letzgo/Nextcloud/code/pleaco/pleaco/Managers/AudioManager.swift (in target 'pleaco' from project 'pleaco')
SwiftCompile normal arm64 /Users/letzgo/Nextcloud/code/pleaco/pleaco/DeviceManagers/DeviceManager.swift (in target 'pleaco' from project 'pleaco')
    cd /Users/letzgo/Nextcloud/code/pleaco
    

SwiftCompile normal arm64 /Users/letzgo/Nextcloud/code/pleaco/pleaco/Managers/AudioManager.swift (in target 'pleaco' from project 'pleaco')
    cd /Users/letzgo/Nextcloud/code/pleaco
    

SwiftCompile normal arm64 Compiling\ HapticManager.swift,\ LoveSpouseManager.swift /Users/letzgo/Nextcloud/code/pleaco/pleaco/Managers/HapticManager.swift /Users/letzgo/Nextcloud/code/pleaco/pleaco/Managers/LoveSpouseManager.swift (in target 'pleaco' from project 'pleaco')

SwiftCompile normal arm64 /Users/letzgo/Nextcloud/code/pleaco/pleaco/Managers/HapticManager.swift (in target 'pleaco' from project 'pleaco')
    cd /Users/letzgo/Nextcloud/code/pleaco
    

SwiftCompile normal arm64 /Users/letzgo/Nextcloud/code/pleaco/pleaco/Managers/LoveSpouseManager.swift (in target 'pleaco' from project 'pleaco')
    cd /Users/letzgo/Nextcloud/code/pleaco
    

SwiftCompile normal arm64 Compiling\ OSSMManager.swift,\ PatternEngine.swift /Users/letzgo/Nextcloud/code/pleaco/pleaco/Managers/OSSMManager.swift /Users/letzgo/Nextcloud/code/pleaco/pleaco/Managers/PatternEngine.swift (in target 'pleaco' from project 'pleaco')

SwiftCompile normal arm64 /Users/letzgo/Nextcloud/code/pleaco/pleaco/Managers/OSSMManager.swift (in target 'pleaco' from project 'pleaco')
    cd /Users/letzgo/Nextcloud/code/pleaco
    

SwiftCompile normal arm64 /Users/letzgo/Nextcloud/code/pleaco/pleaco/Managers/PatternEngine.swift (in target 'pleaco' from project 'pleaco')
    cd /Users/letzgo/Nextcloud/code/pleaco
    

SwiftCompile normal arm64 Compiling\ RemoteManager.swift,\ ThemeManager.swift /Users/letzgo/Nextcloud/code/pleaco/pleaco/Managers/RemoteManager.swift /Users/letzgo/Nextcloud/code/pleaco/pleaco/Managers/ThemeManager.swift (in target 'pleaco' from project 'pleaco')

SwiftCompile normal arm64 /Users/letzgo/Nextcloud/code/pleaco/pleaco/Managers/RemoteManager.swift (in target 'pleaco' from project 'pleaco')
    cd /Users/letzgo/Nextcloud/code/pleaco
    

SwiftCompile normal arm64 /Users/letzgo/Nextcloud/code/pleaco/pleaco/Managers/ThemeManager.swift (in target 'pleaco' from project 'pleaco')
    cd /Users/letzgo/Nextcloud/code/pleaco
    

SwiftCompile normal arm64 Compiling\ FunScriptModels.swift,\ SavedAudioTrack.swift /Users/letzgo/Nextcloud/code/pleaco/pleaco/Models/FunScriptModels.swift /Users/letzgo/Nextcloud/code/pleaco/pleaco/Models/SavedAudioTrack.swift (in target 'pleaco' from project 'pleaco')

SwiftCompile normal arm64 /Users/letzgo/Nextcloud/code/pleaco/pleaco/Models/FunScriptModels.swift (in target 'pleaco' from project 'pleaco')
    cd /Users/letzgo/Nextcloud/code/pleaco
    

SwiftCompile normal arm64 /Users/letzgo/Nextcloud/code/pleaco/pleaco/Models/SavedAudioTrack.swift (in target 'pleaco' from project 'pleaco')
    cd /Users/letzgo/Nextcloud/code/pleaco
    

SwiftCompile normal arm64 Compiling\ pleacoApp.swift,\ GeneratedAssetSymbols.swift /Users/letzgo/Nextcloud/code/pleaco/pleaco/pleacoApp.swift /Users/letzgo/Library/Developer/Xcode/DerivedData/pleaco-bvtpxeibsmbrxuhijmrefslxjupp/Build/Intermediates.noindex/pleaco.build/Debug/pleaco.build/DerivedSources/GeneratedAssetSymbols.swift (in target 'pleaco' from project 'pleaco')

SwiftCompile normal arm64 /Users/letzgo/Nextcloud/code/pleaco/pleaco/pleacoApp.swift (in target 'pleaco' from project 'pleaco')
    cd /Users/letzgo/Nextcloud/code/pleaco
    

SwiftCompile normal arm64 /Users/letzgo/Library/Developer/Xcode/DerivedData/pleaco-bvtpxeibsmbrxuhijmrefslxjupp/Build/Intermediates.noindex/pleaco.build/Debug/pleaco.build/DerivedSources/GeneratedAssetSymbols.swift (in target 'pleaco' from project 'pleaco')
    cd /Users/letzgo/Nextcloud/code/pleaco
    

SwiftDriverJobDiscovery normal arm64 Compiling FunScriptModels.swift, SavedAudioTrack.swift (in target 'pleaco' from project 'pleaco')

SwiftDriverJobDiscovery normal arm64 Compiling ButtplugManager.swift, HandyManager.swift (in target 'pleaco' from project 'pleaco')

SwiftDriverJobDiscovery normal arm64 Compiling pleacoApp.swift, GeneratedAssetSymbols.swift (in target 'pleaco' from project 'pleaco')

SwiftDriverJobDiscovery normal arm64 Compiling HapticManager.swift, LoveSpouseManager.swift (in target 'pleaco' from project 'pleaco')

SwiftDriverJobDiscovery normal arm64 Compiling OSSMManager.swift, PatternEngine.swift (in target 'pleaco' from project 'pleaco')

** BUILD FAILED **


The following build commands failed:
	SwiftCompile normal arm64 Compiling\ CustomTopBar.swift,\ PlayerCard.swift /Users/letzgo/Nextcloud/code/pleaco/pleaco/Views/Components/CustomTopBar.swift /Users/letzgo/Nextcloud/code/pleaco/pleaco/Views/Components/PlayerCard.swift (in target 'pleaco' from project 'pleaco')
	SwiftCompile normal arm64 /Users/letzgo/Nextcloud/code/pleaco/pleaco/Views/Components/CustomTopBar.swift (in target 'pleaco' from project 'pleaco')
	SwiftCompile normal arm64 /Users/letzgo/Nextcloud/code/pleaco/pleaco/Views/Components/PlayerCard.swift (in target 'pleaco' from project 'pleaco')
	Building project pleaco with scheme pleaco
(4 failures)
